Archive member included to satisfy reference by file (symbol)

c:/ac6/systemworkbench/plugins/fr.ac6.mcu.externaltools.arm-none.win32_1.17.0.201812190825/tools/compiler/bin/../lib/gcc/arm-none-eabi/7.3.1/thumb/v6-m\libgcc.a(_udivsi3.o)
                              HAL_Driver/Src/stm32l0xx_hal.o (__aeabi_uidiv)
c:/ac6/systemworkbench/plugins/fr.ac6.mcu.externaltools.arm-none.win32_1.17.0.201812190825/tools/compiler/bin/../lib/gcc/arm-none-eabi/7.3.1/thumb/v6-m\libgcc.a(_dvmd_tls.o)
                              c:/ac6/systemworkbench/plugins/fr.ac6.mcu.externaltools.arm-none.win32_1.17.0.201812190825/tools/compiler/bin/../lib/gcc/arm-none-eabi/7.3.1/thumb/v6-m\libgcc.a(_udivsi3.o) (__aeabi_idiv0)
c:/ac6/systemworkbench/plugins/fr.ac6.mcu.externaltools.arm-none.win32_1.17.0.201812190825/tools/compiler/bin/../lib/gcc/arm-none-eabi/7.3.1/thumb/v6-m\libgcc.a(_aeabi_uldivmod.o)
                              HAL_Driver/Src/stm32l0xx_hal_uart.o (__aeabi_uldivmod)
c:/ac6/systemworkbench/plugins/fr.ac6.mcu.externaltools.arm-none.win32_1.17.0.201812190825/tools/compiler/bin/../lib/gcc/arm-none-eabi/7.3.1/thumb/v6-m\libgcc.a(_udivmoddi4.o)
                              c:/ac6/systemworkbench/plugins/fr.ac6.mcu.externaltools.arm-none.win32_1.17.0.201812190825/tools/compiler/bin/../lib/gcc/arm-none-eabi/7.3.1/thumb/v6-m\libgcc.a(_aeabi_uldivmod.o) (__udivmoddi4)
c:/ac6/systemworkbench/plugins/fr.ac6.mcu.externaltools.arm-none.win32_1.17.0.201812190825/tools/compiler/bin/../lib/gcc/arm-none-eabi/7.3.1/thumb/v6-m\libgcc.a(_clzdi2.o)
                              c:/ac6/systemworkbench/plugins/fr.ac6.mcu.externaltools.arm-none.win32_1.17.0.201812190825/tools/compiler/bin/../lib/gcc/arm-none-eabi/7.3.1/thumb/v6-m\libgcc.a(_udivmoddi4.o) (__clzdi2)
c:/ac6/systemworkbench/plugins/fr.ac6.mcu.externaltools.arm-none.win32_1.17.0.201812190825/tools/compiler/bin/../lib/gcc/arm-none-eabi/7.3.1/thumb/v6-m\libgcc.a(_clzsi2.o)
                              c:/ac6/systemworkbench/plugins/fr.ac6.mcu.externaltools.arm-none.win32_1.17.0.201812190825/tools/compiler/bin/../lib/gcc/arm-none-eabi/7.3.1/thumb/v6-m\libgcc.a(_clzdi2.o) (__clzsi2)
c:/ac6/systemworkbench/plugins/fr.ac6.mcu.externaltools.arm-none.win32_1.17.0.201812190825/tools/compiler/bin/../lib/gcc/arm-none-eabi/7.3.1/../../../../arm-none-eabi/lib/thumb/v6-m\libc.a(lib_a-errno.o)
                              src/syscalls.o (__errno)
c:/ac6/systemworkbench/plugins/fr.ac6.mcu.externaltools.arm-none.win32_1.17.0.201812190825/tools/compiler/bin/../lib/gcc/arm-none-eabi/7.3.1/../../../../arm-none-eabi/lib/thumb/v6-m\libc.a(lib_a-exit.o)
                              c:/ac6/systemworkbench/plugins/fr.ac6.mcu.externaltools.arm-none.win32_1.17.0.201812190825/tools/compiler/bin/../lib/gcc/arm-none-eabi/7.3.1/../../../../arm-none-eabi/lib/thumb/v6-m/crt0.o (exit)
c:/ac6/systemworkbench/plugins/fr.ac6.mcu.externaltools.arm-none.win32_1.17.0.201812190825/tools/compiler/bin/../lib/gcc/arm-none-eabi/7.3.1/../../../../arm-none-eabi/lib/thumb/v6-m\libc.a(lib_a-impure.o)
                              c:/ac6/systemworkbench/plugins/fr.ac6.mcu.externaltools.arm-none.win32_1.17.0.201812190825/tools/compiler/bin/../lib/gcc/arm-none-eabi/7.3.1/../../../../arm-none-eabi/lib/thumb/v6-m\libc.a(lib_a-exit.o) (_global_impure_ptr)
c:/ac6/systemworkbench/plugins/fr.ac6.mcu.externaltools.arm-none.win32_1.17.0.201812190825/tools/compiler/bin/../lib/gcc/arm-none-eabi/7.3.1/../../../../arm-none-eabi/lib/thumb/v6-m\libc.a(lib_a-init.o)
                              c:/ac6/systemworkbench/plugins/fr.ac6.mcu.externaltools.arm-none.win32_1.17.0.201812190825/tools/compiler/bin/../lib/gcc/arm-none-eabi/7.3.1/../../../../arm-none-eabi/lib/thumb/v6-m/crt0.o (__libc_init_array)
c:/ac6/systemworkbench/plugins/fr.ac6.mcu.externaltools.arm-none.win32_1.17.0.201812190825/tools/compiler/bin/../lib/gcc/arm-none-eabi/7.3.1/../../../../arm-none-eabi/lib/thumb/v6-m\libc.a(lib_a-memcmp.o)
                              src/gsm.o (memcmp)
c:/ac6/systemworkbench/plugins/fr.ac6.mcu.externaltools.arm-none.win32_1.17.0.201812190825/tools/compiler/bin/../lib/gcc/arm-none-eabi/7.3.1/../../../../arm-none-eabi/lib/thumb/v6-m\libc.a(lib_a-memcpy-stub.o)
                              src/gsm.o (memcpy)
c:/ac6/systemworkbench/plugins/fr.ac6.mcu.externaltools.arm-none.win32_1.17.0.201812190825/tools/compiler/bin/../lib/gcc/arm-none-eabi/7.3.1/../../../../arm-none-eabi/lib/thumb/v6-m\libc.a(lib_a-memset.o)
                              c:/ac6/systemworkbench/plugins/fr.ac6.mcu.externaltools.arm-none.win32_1.17.0.201812190825/tools/compiler/bin/../lib/gcc/arm-none-eabi/7.3.1/../../../../arm-none-eabi/lib/thumb/v6-m/crt0.o (memset)
c:/ac6/systemworkbench/plugins/fr.ac6.mcu.externaltools.arm-none.win32_1.17.0.201812190825/tools/compiler/bin/../lib/gcc/arm-none-eabi/7.3.1/../../../../arm-none-eabi/lib/thumb/v6-m\libc.a(lib_a-sprintf.o)
                              src/gsm.o (sprintf)
[...]
Memory Configuration

Name             Origin             Length             Attributes
RAM              0x20000000         0x00005000         xrw
ROM              0x08000000         0x00030000         xr
*default*        0x00000000         0xffffffff

Linker script and memory map

LOAD c:/ac6/systemworkbench/plugins/fr.ac6.mcu.externaltools.arm-none.win32_1.17.0.201812190825/tools/compiler/bin/../lib/gcc/arm-none-eabi/7.3.1/thumb/v6-m/crti.o
LOAD c:/ac6/systemworkbench/plugins/fr.ac6.mcu.externaltools.arm-none.win32_1.17.0.201812190825/tools/compiler/bin/../lib/gcc/arm-none-eabi/7.3.1/thumb/v6-m/crtbegin.o
LOAD c:/ac6/systemworkbench/plugins/fr.ac6.mcu.externaltools.arm-none.win32_1.17.0.201812190825/tools/compiler/bin/../lib/gcc/arm-none-eabi/7.3.1/../../../../arm-none-eabi/lib/thumb/v6-m/crt0.o
LOAD HAL_Driver/Src/stm32l0xx_hal.o
LOAD HAL_Driver/Src/stm32l0xx_hal_adc.o
LOAD HAL_Driver/Src/stm32l0xx_hal_adc_ex.o
LOAD HAL_Driver/Src/stm32l0xx_hal_comp.o
LOAD HAL_Driver/Src/stm32l0xx_hal_comp_ex.o
LOAD HAL_Driver/Src/stm32l0xx_hal_cortex.o
LOAD HAL_Driver/Src/stm32l0xx_hal_crc.o
LOAD HAL_Driver/Src/stm32l0xx_hal_crc_ex.o
LOAD HAL_Driver/Src/stm32l0xx_hal_cryp.o
LOAD HAL_Driver/Src/stm32l0xx_hal_cryp_ex.o
LOAD HAL_Driver/Src/stm32l0xx_hal_dac.o
LOAD HAL_Driver/Src/stm32l0xx_hal_dac_ex.o
LOAD HAL_Driver/Src/stm32l0xx_hal_dma.o
LOAD HAL_Driver/Src/stm32l0xx_hal_firewall.o
LOAD HAL_Driver/Src/stm32l0xx_hal_flash.o
LOAD HAL_Driver/Src/stm32l0xx_hal_flash_ex.o
LOAD HAL_Driver/Src/stm32l0xx_hal_flash_ramfunc.o
LOAD HAL_Driver/Src/stm32l0xx_hal_gpio.o
LOAD HAL_Driver/Src/stm32l0xx_hal_i2c.o
LOAD HAL_Driver/Src/stm32l0xx_hal_i2c_ex.o
LOAD HAL_Driver/Src/stm32l0xx_hal_i2s.o
LOAD HAL_Driver/Src/stm32l0xx_hal_irda.o
LOAD HAL_Driver/Src/stm32l0xx_hal_iwdg.o
LOAD HAL_Driver/Src/stm32l0xx_hal_lcd.o
LOAD HAL_Driver/Src/stm32l0xx_hal_lptim.o
LOAD HAL_Driver/Src/stm32l0xx_hal_msp_template.o
LOAD HAL_Driver/Src/stm32l0xx_hal_pcd.o
LOAD HAL_Driver/Src/stm32l0xx_hal_pcd_ex.o
LOAD HAL_Driver/Src/stm32l0xx_hal_pwr.o
LOAD HAL_Driver/Src/stm32l0xx_hal_pwr_ex.o
LOAD HAL_Driver/Src/stm32l0xx_hal_rcc.o
LOAD HAL_Driver/Src/stm32l0xx_hal_rcc_ex.o
LOAD HAL_Driver/Src/stm32l0xx_hal_rng.o
LOAD HAL_Driver/Src/stm32l0xx_hal_rtc.o
LOAD HAL_Driver/Src/stm32l0xx_hal_rtc_ex.o
LOAD HAL_Driver/Src/stm32l0xx_hal_smartcard.o
LOAD HAL_Driver/Src/stm32l0xx_hal_smartcard_ex.o
LOAD HAL_Driver/Src/stm32l0xx_hal_smbus.o
LOAD HAL_Driver/Src/stm32l0xx_hal_spi.o
LOAD HAL_Driver/Src/stm32l0xx_hal_tim.o
LOAD HAL_Driver/Src/stm32l0xx_hal_tim_ex.o
LOAD HAL_Driver/Src/stm32l0xx_hal_tsc.o
LOAD HAL_Driver/Src/stm32l0xx_hal_uart.o
LOAD HAL_Driver/Src/stm32l0xx_hal_uart_ex.o
LOAD HAL_Driver/Src/stm32l0xx_hal_usart.o
LOAD HAL_Driver/Src/stm32l0xx_hal_wwdg.o
LOAD HAL_Driver/Src/stm32l0xx_ll_adc.o
LOAD HAL_Driver/Src/stm32l0xx_ll_comp.o
LOAD HAL_Driver/Src/stm32l0xx_ll_crc.o
LOAD HAL_Driver/Src/stm32l0xx_ll_crs.o
LOAD HAL_Driver/Src/stm32l0xx_ll_dac.o
LOAD HAL_Driver/Src/stm32l0xx_ll_dma.o
LOAD HAL_Driver/Src/stm32l0xx_ll_exti.o
LOAD HAL_Driver/Src/stm32l0xx_ll_gpio.o
LOAD HAL_Driver/Src/stm32l0xx_ll_i2c.o
LOAD HAL_Driver/Src/stm32l0xx_ll_lptim.o
LOAD HAL_Driver/Src/stm32l0xx_ll_lpuart.o
LOAD HAL_Driver/Src/stm32l0xx_ll_pwr.o
LOAD HAL_Driver/Src/stm32l0xx_ll_rcc.o
LOAD HAL_Driver/Src/stm32l0xx_ll_rng.o
LOAD HAL_Driver/Src/stm32l0xx_ll_rtc.o
LOAD HAL_Driver/Src/stm32l0xx_ll_spi.o
LOAD HAL_Driver/Src/stm32l0xx_ll_tim.o
LOAD HAL_Driver/Src/stm32l0xx_ll_usart.o
LOAD HAL_Driver/Src/stm32l0xx_ll_usb.o
LOAD HAL_Driver/Src/stm32l0xx_ll_utils.o
LOAD src/gsm.o
LOAD src/main.o
LOAD src/packet_store.o
LOAD src/stm32l0xx_it.o
LOAD src/syscalls.o
LOAD src/system_stm32l0xx.o
LOAD src/uart_gsm.o
LOAD startup/startup_stm32.o
LOAD c:/ac6/systemworkbench/plugins/fr.ac6.mcu.externaltools.arm-none.win32_1.17.0.201812190825/tools/compiler/bin/../lib/gcc/arm-none-eabi/7.3.1/../../../../arm-none-eabi/lib/thumb/v6-m\libstdc++.a
LOAD c:/ac6/systemworkbench/plugins/fr.ac6.mcu.externaltools.arm-none.win32_1.17.0.201812190825/tools/compiler/bin/../lib/gcc/arm-none-eabi/7.3.1/../../../../arm-none-eabi/lib/thumb/v6-m\libm.a
START GROUP
LOAD c:/ac6/systemworkbench/plugins/fr.ac6.mcu.externaltools.arm-none.win32_1.17.0.201812190825/tools/compiler/bin/../lib/gcc/arm-none-eabi/7.3.1/thumb/v6-m\libgcc.a
LOAD c:/ac6/systemworkbench/plugins/fr.ac6.mcu.externaltools.arm-none.win32_1.17.0.201812190825/tools/compiler/bin/../lib/gcc/arm-none-eabi/7.3.1/../../../../arm-none-eabi/lib/thumb/v6-m\libc.a
END GROUP
LOAD c:/ac6/systemworkbench/plugins/fr.ac6.mcu.externaltools.arm-none.win32_1.17.0.201812190825/tools/compiler/bin/../lib/gcc/arm-none-eabi/7.3.1/thumb/v6-m/crtend.o
LOAD c:/ac6/systemworkbench/plugins/fr.ac6.mcu.externaltools.arm-none.win32_1.17.0.201812190825/tools/compiler/bin/../lib/gcc/arm-none-eabi/7.3.1/thumb/v6-m/crtn.o
                0x20005000                _estack = 0x20005000
                0x00000000                _Min_Heap_Size = 0x0
                0x00000400                _Min_Stack_Size = 0x400

.isr_vector     0x08000000       0xb8
                0x08000000                . = ALIGN (0x4)
 *(.isr_vector)
 .isr_vector    0x08000000       0xb8 startup/startup_stm32.o
                0x08000000                g_pfnVectors
                0x080000b8                . = ALIGN (0x4)

.text           0x080000b8     0xa8a8
                0x080000b8                . = ALIGN (0x4)
 *(.text)
 .text          0x080000b8       0x48 c:/ac6/systemworkbench/plugins/fr.ac6.mcu.externaltools.arm-none.win32_1.17.0.201812190825/tools/compiler/bin/../lib/gcc/arm-none-eabi/7.3.1/thumb/v6-m/crtbegin.o
 .text          0x08000100      0x114 c:/ac6/systemworkbench/plugins/fr.ac6.mcu.externaltools.arm-none.win32_1.17.0.201812190825/tools/compiler/bin/../lib/gcc/arm-none-eabi/7.3.1/thumb/v6-m\libgcc.a(_udivsi3.o)
                0x08000100                __aeabi_uidiv
                0x08000100                __udivsi3
                0x0800020c                __aeabi_uidivmod
 .text          0x08000214        0x4 c:/ac6/systemworkbench/plugins/fr.ac6.mcu.externaltools.arm-none.win32_1.17.0.201812190825/tools/compiler/bin/../lib/gcc/arm-none-eabi/7.3.1/thumb/v6-m\libgcc.a(_dvmd_tls.o)
                0x08000214                __aeabi_idiv0
                0x08000214                __aeabi_ldiv0
 .text          0x08000218       0x40 c:/ac6/systemworkbench/plugins/fr.ac6.mcu.externaltools.arm-none.win32_1.17.0.201812190825/tools/compiler/bin/../lib/gcc/arm-none-eabi/7.3.1/thumb/v6-m\libgcc.a(_aeabi_uldivmod.o)
                0x08000218                __aeabi_uldivmod
 .text          0x08000258      0x184 c:/ac6/systemworkbench/plugins/fr.ac6.mcu.externaltools.arm-none.win32_1.17.0.201812190825/tools/compiler/bin/../lib/gcc/arm-none-eabi/7.3.1/thumb/v6-m\libgcc.a(_udivmoddi4.o)
                0x08000258                __udivmoddi4
 .text          0x080003dc       0x18 c:/ac6/systemworkbench/plugins/fr.ac6.mcu.externaltools.arm-none.win32_1.17.0.201812190825/tools/compiler/bin/../lib/gcc/arm-none-eabi/7.3.1/thumb/v6-m\libgcc.a(_clzdi2.o)
                0x080003dc                __clzdi2
 .text          0x080003f4       0x3c c:/ac6/systemworkbench/plugins/fr.ac6.mcu.externaltools.arm-none.win32_1.17.0.201812190825/tools/compiler/bin/../lib/gcc/arm-none-eabi/7.3.1/thumb/v6-m\libgcc.a(_clzsi2.o)
                0x080003f4                __clzsi2
 .text          0x08000430      0x1d4 c:/ac6/systemworkbench/plugins/fr.ac6.mcu.externaltools.arm-none.win32_1.17.0.201812190825/tools/compiler/bin/../lib/gcc/arm-none-eabi/7.3.1/thumb/v6-m\libgcc.a(_divsi3.o)
                0x08000430                __divsi3
                0x08000430                __aeabi_idiv
                0x080005fc                __aeabi_idivmod
 .text          0x08000604       0x7c c:/ac6/systemworkbench/plugins/fr.ac6.mcu.externaltools.arm-none.win32_1.17.0.201812190825/tools/compiler/bin/../lib/gcc/arm-none-eabi/7.3.1/thumb/v6-m\libgcc.a(_arm_cmpdf2.o)
                0x08000604                __aeabi_cdrcmple
                0x08000614                __aeabi_cdcmple
                0x08000614                __aeabi_cdcmpeq
                0x08000624                __aeabi_dcmpeq
                0x08000630                __aeabi_dcmplt
                0x08000644                __aeabi_dcmple
                0x08000658                __aeabi_dcmpgt
                0x0800066c                __aeabi_dcmpge
 .text          0x08000680      0x638 c:/ac6/systemworkbench/plugins/fr.ac6.mcu.externaltools.arm-none.win32_1.17.0.201812190825/tools/compiler/bin/../lib/gcc/arm-none-eabi/7.3.1/thumb/v6-m\libgcc.a(adddf3.o)
                0x08000680                __aeabi_dadd
 .text          0x08000cb8      0x604 c:/ac6/systemworkbench/plugins/fr.ac6.mcu.externaltools.arm-none.win32_1.17.0.201812190825/tools/compiler/bin/../lib/gcc/arm-none-eabi/7.3.1/thumb/v6-m\libgcc.a(divdf3.o)
                0x08000cb8                __aeabi_ddiv
 .text          0x080012bc       0x78 c:/ac6/systemworkbench/plugins/fr.ac6.mcu.externaltools.arm-none.win32_1.17.0.201812190825/tools/compiler/bin/../lib/gcc/arm-none-eabi/7.3.1/thumb/v6-m\libgcc.a(eqdf2.o)
                0x080012bc                __nedf2
                0x080012bc                __eqdf2
 .text          0x08001334       0xc8 c:/ac6/systemworkbench/plugins/fr.ac6.mcu.externaltools.arm-none.win32_1.17.0.201812190825/tools/compiler/bin/../lib/gcc/arm-none-eabi/7.3.1/thumb/v6-m\libgcc.a(gedf2.o)
                0x08001334                __gedf2
                0x08001334                __gtdf2
 .text          0x080013fc       0xd0 c:/ac6/systemworkbench/plugins/fr.ac6.mcu.externaltools.arm-none.win32_1.17.0.201812190825/tools/compiler/bin/../lib/gcc/arm-none-eabi/7.3.1/thumb/v6-m\libgcc.a(ledf2.o)
                0x080013fc                __ledf2
                0x080013fc                __ltdf2
 .text          0x080014cc      0x4e4 c:/ac6/systemworkbench/plugins/fr.ac6.mcu.externaltools.arm-none.win32_1.17.0.201812190825/tools/compiler/bin/../lib/gcc/arm-none-eabi/7.3.1/thumb/v6-m\libgcc.a(muldf3.o)
                0x080014cc                __aeabi_dmul
 .text          0x080019b0      0x690 c:/ac6/systemworkbench/plugins/fr.ac6.mcu.externaltools.arm-none.win32_1.17.0.201812190825/tools/compiler/bin/../lib/gcc/arm-none-eabi/7.3.1/thumb/v6-m\libgcc.a(subdf3.o)
                0x080019b0                __aeabi_dsub
 .text          0x08002040       0x38 c:/ac6/systemworkbench/plugins/fr.ac6.mcu.externaltools.arm-none.win32_1.17.0.201812190825/tools/compiler/bin/../lib/gcc/arm-none-eabi/7.3.1/thumb/v6-m\libgcc.a(unorddf2.o)
                0x08002040                __aeabi_dcmpun
 .text          0x08002078       0x6c c:/ac6/systemworkbench/plugins/fr.ac6.mcu.externaltools.arm-none.win32_1.17.0.201812190825/tools/compiler/bin/../lib/gcc/arm-none-eabi/7.3.1/thumb/v6-m\libgcc.a(fixdfsi.o)
                0x08002078                __aeabi_d2iz
 .text          0x080020e4       0x74 c:/ac6/systemworkbench/plugins/fr.ac6.mcu.externaltools.arm-none.win32_1.17.0.201812190825/tools/compiler/bin/../lib/gcc/arm-none-eabi/7.3.1/thumb/v6-m\libgcc.a(floatsidf.o)
                0x080020e4                __aeabi_i2d
 .text          0x08002158       0x64 c:/ac6/systemworkbench/plugins/fr.ac6.mcu.externaltools.arm-none.win32_1.17.0.201812190825/tools/compiler/bin/../lib/gcc/arm-none-eabi/7.3.1/thumb/v6-m\libgcc.a(floatunsidf.o)
                0x08002158                __aeabi_ui2d
 *(.text*)
 .text.HAL_Init
                0x080021bc       0x4c HAL_Driver/Src/stm32l0xx_hal.o
                0x080021bc                HAL_Init
 .text.HAL_InitTick
                0x08002208       0x54 HAL_Driver/Src/stm32l0xx_hal.o
                0x08002208                HAL_InitTick
 .text.HAL_IncTick
                0x0800225c       0x18 HAL_Driver/Src/stm32l0xx_hal.o
                0x0800225c                HAL_IncTick
 .text.HAL_GetTick
                0x08002274       0x14 HAL_Driver/Src/stm32l0xx_hal.o
                0x08002274                HAL_GetTick
 .text.NVIC_EnableIRQ
                0x08002288       0x2c HAL_Driver/Src/stm32l0xx_hal_cortex.o
 .text.NVIC_SetPriority
                0x080022b4       0xdc HAL_Driver/Src/stm32l0xx_hal_cortex.o
 .text.SysTick_Config
                0x08002390       0x48 HAL_Driver/Src/stm32l0xx_hal_cortex.o
 .text.HAL_NVIC_SetPriority
                0x080023d8       0x2a HAL_Driver/Src/stm32l0xx_hal_cortex.o
                0x080023d8                HAL_NVIC_SetPriority
 .text.HAL_NVIC_EnableIRQ
                0x08002402       0x20 HAL_Driver/Src/stm32l0xx_hal_cortex.o
                0x08002402                HAL_NVIC_EnableIRQ
 .text.HAL_SYSTICK_Config
                0x08002422       0x1a HAL_Driver/Src/stm32l0xx_hal_cortex.o
                0x08002422                HAL_SYSTICK_Config
 .text.HAL_SYSTICK_IRQHandler
                0x0800243c        0xe HAL_Driver/Src/stm32l0xx_hal_cortex.o
                0x0800243c                HAL_SYSTICK_IRQHandler
 .text.HAL_SYSTICK_Callback
                0x0800244a        0xa HAL_Driver/Src/stm32l0xx_hal_cortex.o
                0x0800244a                HAL_SYSTICK_Callback
 .text.HAL_DMA_Abort_IT
                0x08002454       0x90 HAL_Driver/Src/stm32l0xx_hal_dma.o
                0x08002454                HAL_DMA_Abort_IT
 .text.HAL_GPIO_Init
                0x080024e4      0x2fc HAL_Driver/Src/stm32l0xx_hal_gpio.o
                0x080024e4                HAL_GPIO_Init
 .text.HAL_GPIO_WritePin
                0x080027e0       0x3a HAL_Driver/Src/stm32l0xx_hal_gpio.o
                0x080027e0                HAL_GPIO_WritePin
 .text.HAL_MspInit
                0x0800281a        0xa HAL_Driver/Src/stm32l0xx_hal_msp_template.o
                0x0800281a                HAL_MspInit
 .text.HAL_RCC_OscConfig
                0x08002824      0x6f4 HAL_Driver/Src/stm32l0xx_hal_rcc.o
                0x08002824                HAL_RCC_OscConfig
 .text.HAL_RCC_ClockConfig
                0x08002f18      0x254 HAL_Driver/Src/stm32l0xx_hal_rcc.o
                0x08002f18                HAL_RCC_ClockConfig
 .text.HAL_RCC_GetSysClockFreq
                0x0800316c      0x108 HAL_Driver/Src/stm32l0xx_hal_rcc.o
                0x0800316c                HAL_RCC_GetSysClockFreq
 .text.HAL_RCC_GetHCLKFreq
                0x08003274       0x14 HAL_Driver/Src/stm32l0xx_hal_rcc.o
                0x08003274                HAL_RCC_GetHCLKFreq
 .text.HAL_RCC_GetPCLK1Freq
                0x08003288       0x2c HAL_Driver/Src/stm32l0xx_hal_rcc.o
                0x08003288                HAL_RCC_GetPCLK1Freq
 .text.HAL_RCC_GetPCLK2Freq
                0x080032b4       0x2c HAL_Driver/Src/stm32l0xx_hal_rcc.o
                0x080032b4                HAL_RCC_GetPCLK2Freq
 .text.HAL_SPI_Init
                0x080032e0       0xe4 HAL_Driver/Src/stm32l0xx_hal_spi.o
                0x080032e0                HAL_SPI_Init
 .text.HAL_SPI_MspInit
                0x080033c4       0x10 HAL_Driver/Src/stm32l0xx_hal_spi.o
                0x080033c4                HAL_SPI_MspInit
 .text.HAL_SPI_Transmit
                0x080033d4      0x2ec HAL_Driver/Src/stm32l0xx_hal_spi.o
                0x080033d4                HAL_SPI_Transmit
 .text.HAL_SPI_Receive
                0x080036c0      0x340 HAL_Driver/Src/stm32l0xx_hal_spi.o
                0x080036c0                HAL_SPI_Receive
 .text.HAL_SPI_TransmitReceive
                0x08003a00      0x468 HAL_Driver/Src/stm32l0xx_hal_spi.o
                0x08003a00                HAL_SPI_TransmitReceive
 .text.SPI_WaitFlagStateUntilTimeout
                0x08003e68       0xe0 HAL_Driver/Src/stm32l0xx_hal_spi.o
 .text.SPI_EndRxTransaction
                0x08003f48       0xd4 HAL_Driver/Src/stm32l0xx_hal_spi.o
 .text.SPI_EndRxTxTransaction
                0x0800401c       0x7a HAL_Driver/Src/stm32l0xx_hal_spi.o
 *fill*         0x08004096        0x2 
 .text.HAL_UART_Init
                0x08004098       0xa8 HAL_Driver/Src/stm32l0xx_hal_uart.o
                0x08004098                HAL_UART_Init
 .text.HAL_UART_DeInit
                0x08004140       0x6c HAL_Driver/Src/stm32l0xx_hal_uart.o
                0x08004140                HAL_UART_DeInit
 .text.HAL_UART_MspDeInit
                0x080041ac       0x10 HAL_Driver/Src/stm32l0xx_hal_uart.o
                0x080041ac                HAL_UART_MspDeInit
 .text.HAL_UART_Transmit_IT
                0x080041bc       0xdc HAL_Driver/Src/stm32l0xx_hal_uart.o
                0x080041bc                HAL_UART_Transmit_IT
 .text.HAL_UART_Receive_IT
                0x08004298      0x170 HAL_Driver/Src/stm32l0xx_hal_uart.o
                0x08004298                HAL_UART_Receive_IT
 .text.HAL_UART_IRQHandler
                0x08004408      0x24c HAL_Driver/Src/stm32l0xx_hal_uart.o
                0x08004408                HAL_UART_IRQHandler
 .text.HAL_UART_ErrorCallback
                0x08004654       0x10 HAL_Driver/Src/stm32l0xx_hal_uart.o
                0x08004654                HAL_UART_ErrorCallback
 .text.UART_SetConfig
                0x08004664      0x668 HAL_Driver/Src/stm32l0xx_hal_uart.o
                0x08004664                UART_SetConfig
 .text.UART_AdvFeatureConfig
                0x08004ccc      0x168 HAL_Driver/Src/stm32l0xx_hal_uart.o
                0x08004ccc                UART_AdvFeatureConfig
 .text.UART_CheckIdleState
                0x08004e34       0x8c HAL_Driver/Src/stm32l0xx_hal_uart.o
                0x08004e34                UART_CheckIdleState
 .text.UART_WaitOnFlagUntilTimeout
                0x08004ec0       0x94 HAL_Driver/Src/stm32l0xx_hal_uart.o
                0x08004ec0                UART_WaitOnFlagUntilTimeout
 .text.UART_EndRxTransfer
                0x08004f54       0x40 HAL_Driver/Src/stm32l0xx_hal_uart.o
 .text.UART_DMAAbortOnError
                0x08004f94       0x2e HAL_Driver/Src/stm32l0xx_hal_uart.o
 .text.UART_TxISR_8BIT
                0x08004fc2       0x6e HAL_Driver/Src/stm32l0xx_hal_uart.o
 .text.UART_TxISR_16BIT
                0x08005030       0x78 HAL_Driver/Src/stm32l0xx_hal_uart.o
 .text.UART_EndTransmit_IT
                0x080050a8       0x34 HAL_Driver/Src/stm32l0xx_hal_uart.o
 .text.UART_RxISR_8BIT
                0x080050dc       0xbc HAL_Driver/Src/stm32l0xx_hal_uart.o
 .text.UART_RxISR_16BIT
                0x08005198       0xbc HAL_Driver/Src/stm32l0xx_hal_uart.o
 .text.HAL_UARTEx_WakeupCallback
                0x08005254       0x10 HAL_Driver/Src/stm32l0xx_hal_uart_ex.o
                0x08005254                HAL_UARTEx_WakeupCallback
 .text.gsm_init
                0x08005264       0x14 src/gsm.o
                0x08005264                gsm_init
 .text.gsm_tick
                0x08005278      0x610 src/gsm.o
                0x08005278                gsm_tick
 .text.parse_gps_info
                0x08005888       0x8c src/gsm.o
                0x08005888                parse_gps_info
 .text.build_http_message
                0x08005914       0xc0 src/gsm.o
                0x08005914                build_http_message
 .text.main     0x080059d4       0x24 src/main.o
                0x080059d4                main
 .text.init     0x080059f8       0x1e src/main.o
 .text.run_ticks
                0x08005a16        0xe src/main.o
 .text.run_churns
                0x08005a24        0xe src/main.o
 *fill*         0x08005a32        0x2 
 .text.handle_ticks
                0x08005a34       0x30 src/main.o
 .text.system_clock_config
                0x08005a64       0x7a src/main.o
 .text.local_error_handler
                0x08005ade        0x6 src/main.o
 .text.packet_store_init
                0x08005ae4      0x134 src/packet_store.o
                0x08005ae4                packet_store_init
 .text.packet_store_write_buffer_to_page
                0x08005c18       0xe0 src/packet_store.o
                0x08005c18                packet_store_write_buffer_to_page
 .text.packet_store_read_data_to_buffer
                0x08005cf8       0xcc src/packet_store.o
                0x08005cf8                packet_store_read_data_to_buffer
 .text.get_flash_chip_id
                0x08005dc4       0x68 src/packet_store.o
 .text.get_flash_chip_manufacturer_id
                0x08005e2c       0x64 src/packet_store.o
 .text.flash_chip_write_enable
                0x08005e90       0x44 src/packet_store.o
 .text.wait_for_flash_to_be_ready
                0x08005ed4       0x68 src/packet_store.o
 .text.erase_flash_chip_sector
                0x08005f3c       0x7c src/packet_store.o
 .text.local_error_handler
                0x08005fb8        0x6 src/packet_store.o
 .text.SysTick_Handler
                0x08005fbe       0x12 src/stm32l0xx_it.o
                0x08005fbe                SysTick_Handler
 .text.USART1_IRQHandler
                0x08005fd0       0x18 src/stm32l0xx_it.o
                0x08005fd0                USART1_IRQHandler
 .text._sbrk    0x08005fe8       0x58 src/syscalls.o
                0x08005fe8                _sbrk
 .text.SystemInit
                0x08006040       0x7c src/system_stm32l0xx.o
                0x08006040                SystemInit
 .text.uart_gsm_init
                0x080060bc       0x6c src/uart_gsm.o
                0x080060bc                uart_gsm_init
 .text.uart_gsm_send
                0x08006128       0x8c src/uart_gsm.o
                0x08006128                uart_gsm_send
 .text.HAL_UART_MspInit
                0x080061b4       0xf0 src/uart_gsm.o
                0x080061b4                HAL_UART_MspInit
 .text.HAL_UART_TxCpltCallback
                0x080062a4       0x1c src/uart_gsm.o
                0x080062a4                HAL_UART_TxCpltCallback
 .text.HAL_UART_RxCpltCallback
                0x080062c0       0x1c src/uart_gsm.o
                0x080062c0                HAL_UART_RxCpltCallback
 .text.Error_Handler
                0x080062dc        0x6 src/uart_gsm.o
 *fill*         0x080062e2        0x2 
 .text.Reset_Handler
                0x080062e4       0x50 startup/startup_stm32.o
                0x080062e4                Reset_Handler
 .text.Default_Handler
                0x08006334        0x2 startup/startup_stm32.o
                0x08006334                HardFault_Handler
                0x08006334                TIM6_IRQHandler
                0x08006334                PVD_IRQHandler
                0x08006334                PendSV_Handler
                0x08006334                NMI_Handler
                0x08006334                I2C1_IRQHandler
                0x08006334                USART4_USART5_IRQHandler
                0x08006334                SPI1_IRQHandler
                0x08006334                EXTI2_3_IRQHandler
                0x08006334                I2C2_IRQHandler
                0x08006334                RTC_IRQHandler
                0x08006334                TIM3_IRQHandler
                0x08006334                EXTI4_15_IRQHandler
                0x08006334                RCC_IRQHandler
                0x08006334                DMA1_Channel1_IRQHandler
                0x08006334                Default_Handler
                0x08006334                TIM22_IRQHandler
                0x08006334                TIM7_IRQHandler
                0x08006334                EXTI0_1_IRQHandler
                0x08006334                I2C3_IRQHandler
                0x08006334                SPI2_IRQHandler
                0x08006334                SVC_Handler
                0x08006334                TIM21_IRQHandler
                0x08006334                WWDG_IRQHandler
                0x08006334                TIM2_IRQHandler
                0x08006334                DMA1_Channel2_3_IRQHandler
                0x08006334                ADC_COMP_IRQHandler
                0x08006334                USART2_IRQHandler
                0x08006334                DMA1_Channel4_7_IRQHandler
                0x08006334                FLASH_IRQHandler
                0x08006334                AES_RNG_LPUART1_IRQHandler
                0x08006334                LPTIM1_IRQHandler
 *fill*         0x08006336        0x2 
 .text.__errno  0x08006338        0xc c:/ac6/systemworkbench/plugins/fr.ac6.mcu.externaltools.arm-none.win32_1.17.0.201812190825/tools/compiler/bin/../lib/gcc/arm-none-eabi/7.3.1/../../../../arm-none-eabi/lib/thumb/v6-m\libc.a(lib_a-errno.o)
                0x08006338                __errno
 .text.__libc_init_array
                0x08006344       0x48 c:/ac6/systemworkbench/plugins/fr.ac6.mcu.externaltools.arm-none.win32_1.17.0.201812190825/tools/compiler/bin/../lib/gcc/arm-none-eabi/7.3.1/../../../../arm-none-eabi/lib/thumb/v6-m\libc.a(lib_a-init.o)
                0x08006344                __libc_init_array
 .text.memcmp   0x0800638c       0x4c c:/ac6/systemworkbench/plugins/fr.ac6.mcu.externaltools.arm-none.win32_1.17.0.201812190825/tools/compiler/bin/../lib/gcc/arm-none-eabi/7.3.1/../../../../arm-none-eabi/lib/thumb/v6-m\libc.a(lib_a-memcmp.o)
                0x0800638c                memcmp
 .text.memcpy   0x080063d8       0x88 c:/ac6/systemworkbench/plugins/fr.ac6.mcu.externaltools.arm-none.win32_1.17.0.201812190825/tools/compiler/bin/../lib/gcc/arm-none-eabi/7.3.1/../../../../arm-none-eabi/lib/thumb/v6-m\libc.a(lib_a-memcpy-stub.o)
                0x080063d8                memcpy
 .text.memset   0x08006460       0x9c c:/ac6/systemworkbench/plugins/fr.ac6.mcu.externaltools.arm-none.win32_1.17.0.201812190825/tools/compiler/bin/../lib/gcc/arm-none-eabi/7.3.1/../../../../arm-none-eabi/lib/thumb/v6-m\libc.a(lib_a-memset.o)
                0x08006460                memset
 .text.sprintf  0x080064fc       0x40 c:/ac6/systemworkbench/plugins/fr.ac6.mcu.externaltools.arm-none.win32_1.17.0.201812190825/tools/compiler/bin/../lib/gcc/arm-none-eabi/7.3.1/../../../../arm-none-eabi/lib/thumb/v6-m\libc.a(lib_a-sprintf.o)
                0x080064fc                sprintf
 .text.strlen   0x0800653c       0x64 c:/ac6/systemworkbench/plugins/fr.ac6.mcu.externaltools.arm-none.win32_1.17.0.201812190825/tools/compiler/bin/../lib/gcc/arm-none-eabi/7.3.1/../../../../arm-none-eabi/lib/thumb/v6-m\libc.a(lib_a-strlen-stub.o)
                0x0800653c                strlen
 .text._svfprintf_r
                0x080065a0     0x1b6c c:/ac6/systemworkbench/plugins/fr.ac6.mcu.externaltools.arm-none.win32_1.17.0.201812190825/tools/compiler/bin/../lib/gcc/arm-none-eabi/7.3.1/../../../../arm-none-eabi/lib/thumb/v6-m\libc.a(lib_a-svfprintf.o)
                0x080065a0                _svfprintf_r
 .text.startup.register_fini
                0x0800810c       0x18 c:/ac6/systemworkbench/plugins/fr.ac6.mcu.externaltools.arm-none.win32_1.17.0.201812190825/tools/compiler/bin/../lib/gcc/arm-none-eabi/7.3.1/../../../../arm-none-eabi/lib/thumb/v6-m\libc.a(lib_a-__call_atexit.o)
 .text.atexit   0x08008124       0x10 c:/ac6/systemworkbench/plugins/fr.ac6.mcu.externaltools.arm-none.win32_1.17.0.201812190825/tools/compiler/bin/../lib/gcc/arm-none-eabi/7.3.1/../../../../arm-none-eabi/lib/thumb/v6-m\libc.a(lib_a-atexit.o)
                0x08008124                atexit
 .text.quorem   0x08008134      0x154 c:/ac6/systemworkbench/plugins/fr.ac6.mcu.externaltools.arm-none.win32_1.17.0.201812190825/tools/compiler/bin/../lib/gcc/arm-none-eabi/7.3.1/../../../../arm-none-eabi/lib/thumb/v6-m\libc.a(lib_a-dtoa.o)
 .text._dtoa_r  0x08008288      0xf4c c:/ac6/systemworkbench/plugins/fr.ac6.mcu.externaltools.arm-none.win32_1.17.0.201812190825/tools/compiler/bin/../lib/gcc/arm-none-eabi/7.3.1/../../../../arm-none-eabi/lib/thumb/v6-m\libc.a(lib_a-dtoa.o)
                0x08008288                _dtoa_r
 .text.__libc_fini_array
                0x080091d4       0x34 c:/ac6/systemworkbench/plugins/fr.ac6.mcu.externaltools.arm-none.win32_1.17.0.201812190825/tools/compiler/bin/../lib/gcc/arm-none-eabi/7.3.1/../../../../arm-none-eabi/lib/thumb/v6-m\libc.a(lib_a-fini.o)
                0x080091d4                __libc_fini_array
 .text._malloc_trim_r
                0x08009208       0xa0 c:/ac6/systemworkbench/plugins/fr.ac6.mcu.externaltools.arm-none.win32_1.17.0.201812190825/tools/compiler/bin/../lib/gcc/arm-none-eabi/7.3.1/../../../../arm-none-eabi/lib/thumb/v6-m\libc.a(lib_a-freer.o)
                0x08009208                _malloc_trim_r
 .text._free_r  0x080092a8      0x1d4 c:/ac6/systemworkbench/plugins/fr.ac6.mcu.externaltools.arm-none.win32_1.17.0.201812190825/tools/compiler/bin/../lib/gcc/arm-none-eabi/7.3.1/../../../../arm-none-eabi/lib/thumb/v6-m\libc.a(lib_a-freer.o)
                0x080092a8                _free_r
 .text._localeconv_r
                0x0800947c       0x18 c:/ac6/systemworkbench/plugins/fr.ac6.mcu.externaltools.arm-none.win32_1.17.0.201812190825/tools/compiler/bin/../lib/gcc/arm-none-eabi/7.3.1/../../../../arm-none-eabi/lib/thumb/v6-m\libc.a(lib_a-localeconv.o)
                0x0800947c                _localeconv_r
 .text.__retarget_lock_acquire_recursive
                0x08009494        0x4 c:/ac6/systemworkbench/plugins/fr.ac6.mcu.externaltools.arm-none.win32_1.17.0.201812190825/tools/compiler/bin/../lib/gcc/arm-none-eabi/7.3.1/../../../../arm-none-eabi/lib/thumb/v6-m\libc.a(lib_a-lock.o)
                0x08009494                __retarget_lock_acquire_recursive
 .text.__retarget_lock_release_recursive
                0x08009498        0x4 c:/ac6/systemworkbench/plugins/fr.ac6.mcu.externaltools.arm-none.win32_1.17.0.201812190825/tools/compiler/bin/../lib/gcc/arm-none-eabi/7.3.1/../../../../arm-none-eabi/lib/thumb/v6-m\libc.a(lib_a-lock.o)
                0x08009498                __retarget_lock_release_recursive
 .text._malloc_r
                0x0800949c      0x554 c:/ac6/systemworkbench/plugins/fr.ac6.mcu.externaltools.arm-none.win32_1.17.0.201812190825/tools/compiler/bin/../lib/gcc/arm-none-eabi/7.3.1/../../../../arm-none-eabi/lib/thumb/v6-m\libc.a(lib_a-mallocr.o)
                0x0800949c                _malloc_r
 .text.memchr   0x080099f0       0x80 c:/ac6/systemworkbench/plugins/fr.ac6.mcu.externaltools.arm-none.win32_1.17.0.201812190825/tools/compiler/bin/../lib/gcc/arm-none-eabi/7.3.1/../../../../arm-none-eabi/lib/thumb/v6-m\libc.a(lib_a-memchr-stub.o)
                0x080099f0                memchr
 .text.__malloc_lock
                0x08009a70       0x10 c:/ac6/systemworkbench/plugins/fr.ac6.mcu.externaltools.arm-none.win32_1.17.0.201812190825/tools/compiler/bin/../lib/gcc/arm-none-eabi/7.3.1/../../../../arm-none-eabi/lib/thumb/v6-m\libc.a(lib_a-mlock.o)
                0x08009a70                __malloc_lock
 .text.__malloc_unlock
                0x08009a80       0x10 c:/ac6/systemworkbench/plugins/fr.ac6.mcu.externaltools.arm-none.win32_1.17.0.201812190825/tools/compiler/bin/../lib/gcc/arm-none-eabi/7.3.1/../../../../arm-none-eabi/lib/thumb/v6-m\libc.a(lib_a-mlock.o)
                0x08009a80                __malloc_unlock
 .text._Balloc  0x08009a90       0x50 c:/ac6/systemworkbench/plugins/fr.ac6.mcu.externaltools.arm-none.win32_1.17.0.201812190825/tools/compiler/bin/../lib/gcc/arm-none-eabi/7.3.1/../../../../arm-none-eabi/lib/thumb/v6-m\libc.a(lib_a-mprec.o)
                0x08009a90                _Balloc
 .text._Bfree   0x08009ae0       0x14 c:/ac6/systemworkbench/plugins/fr.ac6.mcu.externaltools.arm-none.win32_1.17.0.201812190825/tools/compiler/bin/../lib/gcc/arm-none-eabi/7.3.1/../../../../arm-none-eabi/lib/thumb/v6-m\libc.a(lib_a-mprec.o)
                0x08009ae0                _Bfree
 .text.__multadd
                0x08009af4       0x8c c:/ac6/systemworkbench/plugins/fr.ac6.mcu.externaltools.arm-none.win32_1.17.0.201812190825/tools/compiler/bin/../lib/gcc/arm-none-eabi/7.3.1/../../../../arm-none-eabi/lib/thumb/v6-m\libc.a(lib_a-mprec.o)
                0x08009af4                __multadd
 .text.__hi0bits
                0x08009b80       0x38 c:/ac6/systemworkbench/plugins/fr.ac6.mcu.externaltools.arm-none.win32_1.17.0.201812190825/tools/compiler/bin/../lib/gcc/arm-none-eabi/7.3.1/../../../../arm-none-eabi/lib/thumb/v6-m\libc.a(lib_a-mprec.o)
                0x08009b80                __hi0bits
 .text.__lo0bits
                0x08009bb8       0x5c c:/ac6/systemworkbench/plugins/fr.ac6.mcu.externaltools.arm-none.win32_1.17.0.201812190825/tools/compiler/bin/../lib/gcc/arm-none-eabi/7.3.1/../../../../arm-none-eabi/lib/thumb/v6-m\libc.a(lib_a-mprec.o)
                0x08009bb8                __lo0bits
 .text.__i2b    0x08009c14       0x14 c:/ac6/systemworkbench/plugins/fr.ac6.mcu.externaltools.arm-none.win32_1.17.0.201812190825/tools/compiler/bin/../lib/gcc/arm-none-eabi/7.3.1/../../../../arm-none-eabi/lib/thumb/v6-m\libc.a(lib_a-mprec.o)
                0x08009c14                __i2b
 .text.__multiply
                0x08009c28      0x178 c:/ac6/systemworkbench/plugins/fr.ac6.mcu.externaltools.arm-none.win32_1.17.0.201812190825/tools/compiler/bin/../lib/gcc/arm-none-eabi/7.3.1/../../../../arm-none-eabi/lib/thumb/v6-m\libc.a(lib_a-mprec.o)
                0x08009c28                __multiply
 .text.__pow5mult
                0x08009da0       0xc0 c:/ac6/systemworkbench/plugins/fr.ac6.mcu.externaltools.arm-none.win32_1.17.0.201812190825/tools/compiler/bin/../lib/gcc/arm-none-eabi/7.3.1/../../../../arm-none-eabi/lib/thumb/v6-m\libc.a(lib_a-mprec.o)
                0x08009da0                __pow5mult
 .text.__lshift
                0x08009e60       0xc8 c:/ac6/systemworkbench/plugins/fr.ac6.mcu.externaltools.arm-none.win32_1.17.0.201812190825/tools/compiler/bin/../lib/gcc/arm-none-eabi/7.3.1/../../../../arm-none-eabi/lib/thumb/v6-m\libc.a(lib_a-mprec.o)
                0x08009e60                __lshift
 .text.__mcmp   0x08009f28       0x34 c:/ac6/systemworkbench/plugins/fr.ac6.mcu.externaltools.arm-none.win32_1.17.0.201812190825/tools/compiler/bin/../lib/gcc/arm-none-eabi/7.3.1/../../../../arm-none-eabi/lib/thumb/v6-m\libc.a(lib_a-mprec.o)
                0x08009f28                __mcmp
 .text.__mdiff  0x08009f5c      0x124 c:/ac6/systemworkbench/plugins/fr.ac6.mcu.externaltools.arm-none.win32_1.17.0.201812190825/tools/compiler/bin/../lib/gcc/arm-none-eabi/7.3.1/../../../../arm-none-eabi/lib/thumb/v6-m\libc.a(lib_a-mprec.o)
                0x08009f5c                __mdiff
 .text.__d2b    0x0800a080       0xbc c:/ac6/systemworkbench/plugins/fr.ac6.mcu.externaltools.arm-none.win32_1.17.0.201812190825/tools/compiler/bin/../lib/gcc/arm-none-eabi/7.3.1/../../../../arm-none-eabi/lib/thumb/v6-m\libc.a(lib_a-mprec.o)
                0x0800a080                __d2b
 .text.frexp    0x0800a13c       0x64 c:/ac6/systemworkbench/plugins/fr.ac6.mcu.externaltools.arm-none.win32_1.17.0.201812190825/tools/compiler/bin/../lib/gcc/arm-none-eabi/7.3.1/../../../../arm-none-eabi/lib/thumb/v6-m\libc.a(lib_a-s_frexp.o)
                0x0800a13c                frexp
 .text._sbrk_r  0x0800a1a0       0x24 c:/ac6/systemworkbench/plugins/fr.ac6.mcu.externaltools.arm-none.win32_1.17.0.201812190825/tools/compiler/bin/../lib/gcc/arm-none-eabi/7.3.1/../../../../arm-none-eabi/lib/thumb/v6-m\libc.a(lib_a-sbrkr.o)
                0x0800a1a0                _sbrk_r
 .text.strncpy  0x0800a1c4       0x8c c:/ac6/systemworkbench/plugins/fr.ac6.mcu.externaltools.arm-none.win32_1.17.0.201812190825/tools/compiler/bin/../lib/gcc/arm-none-eabi/7.3.1/../../../../arm-none-eabi/lib/thumb/v6-m\libc.a(lib_a-strncpy.o)
                0x0800a1c4                strncpy
 .text.__ssprint_r
                0x0800a250      0x118 c:/ac6/systemworkbench/plugins/fr.ac6.mcu.externaltools.arm-none.win32_1.17.0.201812190825/tools/compiler/bin/../lib/gcc/arm-none-eabi/7.3.1/../../../../arm-none-eabi/lib/thumb/v6-m\libc.a(lib_a-svfiprintf.o)
                0x0800a250                __ssprint_r
 .text.__register_exitproc
                0x0800a368       0xf4 c:/ac6/systemworkbench/plugins/fr.ac6.mcu.externaltools.arm-none.win32_1.17.0.201812190825/tools/compiler/bin/../lib/gcc/arm-none-eabi/7.3.1/../../../../arm-none-eabi/lib/thumb/v6-m\libc.a(lib_a-__atexit.o)
                0x0800a368                __register_exitproc
 .text._calloc_r
                0x0800a45c       0x58 c:/ac6/systemworkbench/plugins/fr.ac6.mcu.externaltools.arm-none.win32_1.17.0.201812190825/tools/compiler/bin/../lib/gcc/arm-none-eabi/7.3.1/../../../../arm-none-eabi/lib/thumb/v6-m\libc.a(lib_a-callocr.o)
                0x0800a45c                _calloc_r
 .text.__ascii_mbtowc
                0x0800a4b4       0x2c c:/ac6/systemworkbench/plugins/fr.ac6.mcu.externaltools.arm-none.win32_1.17.0.201812190825/tools/compiler/bin/../lib/gcc/arm-none-eabi/7.3.1/../../../../arm-none-eabi/lib/thumb/v6-m\libc.a(lib_a-mbtowc_r.o)
                0x0800a4b4                __ascii_mbtowc
 .text.memmove  0x0800a4e0       0x9c c:/ac6/systemworkbench/plugins/fr.ac6.mcu.externaltools.arm-none.win32_1.17.0.201812190825/tools/compiler/bin/../lib/gcc/arm-none-eabi/7.3.1/../../../../arm-none-eabi/lib/thumb/v6-m\libc.a(lib_a-memmove.o)
                0x0800a4e0                memmove
 .text._realloc_r
                0x0800a57c      0x3b0 c:/ac6/systemworkbench/plugins/fr.ac6.mcu.externaltools.arm-none.win32_1.17.0.201812190825/tools/compiler/bin/../lib/gcc/arm-none-eabi/7.3.1/../../../../arm-none-eabi/lib/thumb/v6-m\libc.a(lib_a-reallocr.o)
                0x0800a57c                _realloc_r
 .text.__ascii_wctomb
                0x0800a92c       0x1c c:/ac6/systemworkbench/plugins/fr.ac6.mcu.externaltools.arm-none.win32_1.17.0.201812190825/tools/compiler/bin/../lib/gcc/arm-none-eabi/7.3.1/../../../../arm-none-eabi/lib/thumb/v6-m\libc.a(lib_a-wctomb_r.o)
                0x0800a92c                __ascii_wctomb
 *(.glue_7)
 .glue_7        0x0800a948        0x0 linker stubs
 *(.glue_7t)
 .glue_7t       0x0800a948        0x0 linker stubs
 *(.eh_frame)
 .eh_frame      0x0800a948        0x0 c:/ac6/systemworkbench/plugins/fr.ac6.mcu.externaltools.arm-none.win32_1.17.0.201812190825/tools/compiler/bin/../lib/gcc/arm-none-eabi/7.3.1/thumb/v6-m/crtbegin.o
 *(.init)
 .init          0x0800a948        0x4 c:/ac6/systemworkbench/plugins/fr.ac6.mcu.externaltools.arm-none.win32_1.17.0.201812190825/tools/compiler/bin/../lib/gcc/arm-none-eabi/7.3.1/thumb/v6-m/crti.o
                0x0800a948                _init
 .init          0x0800a94c        0x8 c:/ac6/systemworkbench/plugins/fr.ac6.mcu.externaltools.arm-none.win32_1.17.0.201812190825/tools/compiler/bin/../lib/gcc/arm-none-eabi/7.3.1/thumb/v6-m/crtn.o
 *(.fini)
 .fini          0x0800a954        0x4 c:/ac6/systemworkbench/plugins/fr.ac6.mcu.externaltools.arm-none.win32_1.17.0.201812190825/tools/compiler/bin/../lib/gcc/arm-none-eabi/7.3.1/thumb/v6-m/crti.o
                0x0800a954                _fini
 .fini          0x0800a958        0x8 c:/ac6/systemworkbench/plugins/fr.ac6.mcu.externaltools.arm-none.win32_1.17.0.201812190825/tools/compiler/bin/../lib/gcc/arm-none-eabi/7.3.1/thumb/v6-m/crtn.o
                0x0800a960                . = ALIGN (0x4)
                0x0800a960                _etext = .

.vfp11_veneer   0x0800a960        0x0
 .vfp11_veneer  0x0800a960        0x0 linker stubs

.v4_bx          0x0800a960        0x0
 .v4_bx         0x0800a960        0x0 linker stubs

.iplt           0x0800a960        0x0
 .iplt          0x0800a960        0x0 c:/ac6/systemworkbench/plugins/fr.ac6.mcu.externaltools.arm-none.win32_1.17.0.201812190825/tools/compiler/bin/../lib/gcc/arm-none-eabi/7.3.1/thumb/v6-m/crtbegin.o

.rodata         0x0800a960      0x660
                0x0800a960                . = ALIGN (0x4)
 *(.rodata)
 .rodata        0x0800a960       0x48 HAL_Driver/Src/stm32l0xx_hal_uart.o
 .rodata        0x0800a9a8      0x180 src/gsm.o
 .rodata        0x0800ab28       0x21 src/system_stm32l0xx.o
                0x0800ab28                AHBPrescTable
                0x0800ab38                APBPrescTable
                0x0800ab40                PLLMulTable
 *fill*         0x0800ab49        0x3 
 .rodata        0x0800ab4c       0x40 c:/ac6/systemworkbench/plugins/fr.ac6.mcu.externaltools.arm-none.win32_1.17.0.201812190825/tools/compiler/bin/../lib/gcc/arm-none-eabi/7.3.1/thumb/v6-m\libgcc.a(divdf3.o)
 .rodata        0x0800ab8c       0x40 c:/ac6/systemworkbench/plugins/fr.ac6.mcu.externaltools.arm-none.win32_1.17.0.201812190825/tools/compiler/bin/../lib/gcc/arm-none-eabi/7.3.1/thumb/v6-m\libgcc.a(muldf3.o)
 *(.rodata*)
 .rodata._global_impure_ptr
                0x0800abcc        0x4 c:/ac6/systemworkbench/plugins/fr.ac6.mcu.externaltools.arm-none.win32_1.17.0.201812190825/tools/compiler/bin/../lib/gcc/arm-none-eabi/7.3.1/../../../../arm-none-eabi/lib/thumb/v6-m\libc.a(lib_a-impure.o)
                0x0800abcc                _global_impure_ptr
 .rodata._svfprintf_r
                0x0800abd0      0x16c c:/ac6/systemworkbench/plugins/fr.ac6.mcu.externaltools.arm-none.win32_1.17.0.201812190825/tools/compiler/bin/../lib/gcc/arm-none-eabi/7.3.1/../../../../arm-none-eabi/lib/thumb/v6-m\libc.a(lib_a-svfprintf.o)
 .rodata._svfprintf_r.str1.4
                0x0800ad3c       0x42 c:/ac6/systemworkbench/plugins/fr.ac6.mcu.externaltools.arm-none.win32_1.17.0.201812190825/tools/compiler/bin/../lib/gcc/arm-none-eabi/7.3.1/../../../../arm-none-eabi/lib/thumb/v6-m\libc.a(lib_a-svfprintf.o)
 *fill*         0x0800ad7e        0x2 
 .rodata.blanks.7315
                0x0800ad80       0x10 c:/ac6/systemworkbench/plugins/fr.ac6.mcu.externaltools.arm-none.win32_1.17.0.201812190825/tools/compiler/bin/../lib/gcc/arm-none-eabi/7.3.1/../../../../arm-none-eabi/lib/thumb/v6-m\libc.a(lib_a-svfprintf.o)
 .rodata.zeroes.7316
                0x0800ad90       0x10 c:/ac6/systemworkbench/plugins/fr.ac6.mcu.externaltools.arm-none.win32_1.17.0.201812190825/tools/compiler/bin/../lib/gcc/arm-none-eabi/7.3.1/../../../../arm-none-eabi/lib/thumb/v6-m\libc.a(lib_a-svfprintf.o)
 .rodata._dtoa_r.str1.4
                0x0800ada0       0x10 c:/ac6/systemworkbench/plugins/fr.ac6.mcu.externaltools.arm-none.win32_1.17.0.201812190825/tools/compiler/bin/../lib/gcc/arm-none-eabi/7.3.1/../../../../arm-none-eabi/lib/thumb/v6-m\libc.a(lib_a-dtoa.o)
                                 0x12 (size before relaxing)
 .rodata.__mprec_bigtens
                0x0800adb0       0x28 c:/ac6/systemworkbench/plugins/fr.ac6.mcu.externaltools.arm-none.win32_1.17.0.201812190825/tools/compiler/bin/../lib/gcc/arm-none-eabi/7.3.1/../../../../arm-none-eabi/lib/thumb/v6-m\libc.a(lib_a-mprec.o)
                0x0800adb0                __mprec_bigtens
 .rodata.__mprec_tens
                0x0800add8       0xc8 c:/ac6/systemworkbench/plugins/fr.ac6.mcu.externaltools.arm-none.win32_1.17.0.201812190825/tools/compiler/bin/../lib/gcc/arm-none-eabi/7.3.1/../../../../arm-none-eabi/lib/thumb/v6-m\libc.a(lib_a-mprec.o)
                0x0800add8                __mprec_tens
 .rodata.p05.6092
                0x0800aea0        0xc c:/ac6/systemworkbench/plugins/fr.ac6.mcu.externaltools.arm-none.win32_1.17.0.201812190825/tools/compiler/bin/../lib/gcc/arm-none-eabi/7.3.1/../../../../arm-none-eabi/lib/thumb/v6-m\libc.a(lib_a-mprec.o)
 .rodata._setlocale_r.str1.4
                0x0800aeac        0xa c:/ac6/systemworkbench/plugins/fr.ac6.mcu.externaltools.arm-none.win32_1.17.0.201812190825/tools/compiler/bin/../lib/gcc/arm-none-eabi/7.3.1/../../../../arm-none-eabi/lib/thumb/v6-m\libc.a(lib_a-locale.o)
                                  0xd (size before relaxing)
 *fill*         0x0800aeb6        0x2 
 .rodata.str1.4
                0x0800aeb8        0x4 c:/ac6/systemworkbench/plugins/fr.ac6.mcu.externaltools.arm-none.win32_1.17.0.201812190825/tools/compiler/bin/../lib/gcc/arm-none-eabi/7.3.1/../../../../arm-none-eabi/lib/thumb/v6-m\libc.a(lib_a-locale.o)
                                  0x2 (size before relaxing)
 .rodata._ctype_
                0x0800aebc      0x101 c:/ac6/systemworkbench/plugins/fr.ac6.mcu.externaltools.arm-none.win32_1.17.0.201812190825/tools/compiler/bin/../lib/gcc/arm-none-eabi/7.3.1/../../../../arm-none-eabi/lib/thumb/v6-m\libc.a(lib_a-ctype_.o)
                0x0800aebc                _ctype_
                0x0800afc0                . = ALIGN (0x4)
 *fill*         0x0800afbd        0x3 

.ARM.extab      0x0800afc0        0x0
                0x0800afc0                . = ALIGN (0x4)
 *(.ARM.extab* .gnu.linkonce.armextab.*)
                0x0800afc0                . = ALIGN (0x4)

.ARM            0x0800afc0        0x8
                0x0800afc0                . = ALIGN (0x4)
                0x0800afc0                __exidx_start = .
 *(.ARM.exidx*)
 .ARM.exidx     0x0800afc0        0x8 c:/ac6/systemworkbench/plugins/fr.ac6.mcu.externaltools.arm-none.win32_1.17.0.201812190825/tools/compiler/bin/../lib/gcc/arm-none-eabi/7.3.1/thumb/v6-m\libgcc.a(_udivmoddi4.o)
                0x0800afc8                __exidx_end = .
                0x0800afc8                . = ALIGN (0x4)

.rel.dyn        0x0800afc8        0x0
 .rel.iplt      0x0800afc8        0x0 c:/ac6/systemworkbench/plugins/fr.ac6.mcu.externaltools.arm-none.win32_1.17.0.201812190825/tools/compiler/bin/../lib/gcc/arm-none-eabi/7.3.1/thumb/v6-m/crtbegin.o

.preinit_array  0x0800afc8        0x0
                0x0800afc8                . = ALIGN (0x4)
                0x0800afc8                PROVIDE (__preinit_array_start = .)
 *(.preinit_array*)
                0x0800afc8                PROVIDE (__preinit_array_end = .)
                0x0800afc8                . = ALIGN (0x4)

.init_array     0x0800afc8        0x8
                0x0800afc8                . = ALIGN (0x4)
                0x0800afc8                PROVIDE (__init_array_start = .)
 *(SORT_BY_NAME(.init_array.*))
 .init_array.00000
                0x0800afc8        0x4 c:/ac6/systemworkbench/plugins/fr.ac6.mcu.externaltools.arm-none.win32_1.17.0.201812190825/tools/compiler/bin/../lib/gcc/arm-none-eabi/7.3.1/../../../../arm-none-eabi/lib/thumb/v6-m\libc.a(lib_a-__call_atexit.o)
 *(.init_array*)
 .init_array    0x0800afcc        0x4 c:/ac6/systemworkbench/plugins/fr.ac6.mcu.externaltools.arm-none.win32_1.17.0.201812190825/tools/compiler/bin/../lib/gcc/arm-none-eabi/7.3.1/thumb/v6-m/crtbegin.o
                0x0800afd0                PROVIDE (__init_array_end = .)
                0x0800afd0                . = ALIGN (0x4)

.fini_array     0x0800afd0        0x4
                0x0800afd0                . = ALIGN (0x4)
                0x0800afd0                PROVIDE (__fini_array_start = .)
 *(SORT_BY_NAME(.fini_array.*))
 *(.fini_array*)
 .fini_array    0x0800afd0        0x4 c:/ac6/systemworkbench/plugins/fr.ac6.mcu.externaltools.arm-none.win32_1.17.0.201812190825/tools/compiler/bin/../lib/gcc/arm-none-eabi/7.3.1/thumb/v6-m/crtbegin.o
                0x0800afd4                PROVIDE (__fini_array_end = .)
                0x0800afd4                . = ALIGN (0x4)
                0x0800afd4                _sidata = LOADADDR (.data)

.data           0x20000000      0xbd8 load address 0x0800afd4
                0x20000000                . = ALIGN (0x4)
                0x20000000                _sdata = .
 *(.data)
 .data          0x20000000      0x228 src/gsm.o
                0x20000000                ok_response
                0x20000008                creg_ok
                0x20000018                gps_info_resp
                0x20000028                network_opened
                0x20000044                network_closed
                0x20000060                connect_ok
                0x20000078                factory_reset
                0x20000080                disable_echo
                0x20000088                set_creg
                0x20000094                query_creg
                0x200000a0                read_imei
                0x200000ac                read_iccid
                0x200000b8                read_CSQ
                0x200000c0                gprs_attach
                0x200000cc                gprs_dettach
                0x200000d8                set_CGDCONT
                0x20000108                get_GPS
                0x20000118                set_AGPS_URL
                0x2000013c                set_AGPS_SSL
                0x2000014c                turn_off_AGPS
                0x20000158                turn_on_AGPS
                0x20000168                get_GPS_STATE
                0x20000174                open_socket
                0x20000184                close_socket
                0x20000194                establish_connection
                0x200001b8                start_https
                0x200001c8                open_https
                0x200001f0                receive_http_response
                0x20000204                close_https
                0x20000214                stop_https
                0x20000224                ready_to_send
 .data          0x20000228        0x4 src/system_stm32l0xx.o
                0x20000228                SystemCoreClock
 *(.data*)
 .data._impure_ptr
                0x2000022c        0x4 c:/ac6/systemworkbench/plugins/fr.ac6.mcu.externaltools.arm-none.win32_1.17.0.201812190825/tools/compiler/bin/../lib/gcc/arm-none-eabi/7.3.1/../../../../arm-none-eabi/lib/thumb/v6-m\libc.a(lib_a-impure.o)
                0x2000022c                _impure_ptr
 .data.impure_data
                0x20000230      0x428 c:/ac6/systemworkbench/plugins/fr.ac6.mcu.externaltools.arm-none.win32_1.17.0.201812190825/tools/compiler/bin/../lib/gcc/arm-none-eabi/7.3.1/../../../../arm-none-eabi/lib/thumb/v6-m\libc.a(lib_a-impure.o)
 .data.__atexit_recursive_mutex
                0x20000658        0x4 c:/ac6/systemworkbench/plugins/fr.ac6.mcu.externaltools.arm-none.win32_1.17.0.201812190825/tools/compiler/bin/../lib/gcc/arm-none-eabi/7.3.1/../../../../arm-none-eabi/lib/thumb/v6-m\libc.a(lib_a-__call_atexit.o)
                0x20000658                __atexit_recursive_mutex
 .data.__malloc_av_
                0x2000065c      0x408 c:/ac6/systemworkbench/plugins/fr.ac6.mcu.externaltools.arm-none.win32_1.17.0.201812190825/tools/compiler/bin/../lib/gcc/arm-none-eabi/7.3.1/../../../../arm-none-eabi/lib/thumb/v6-m\libc.a(lib_a-mallocr.o)
                0x2000065c                __malloc_av_
 .data.__malloc_sbrk_base
                0x20000a64        0x4 c:/ac6/systemworkbench/plugins/fr.ac6.mcu.externaltools.arm-none.win32_1.17.0.201812190825/tools/compiler/bin/../lib/gcc/arm-none-eabi/7.3.1/../../../../arm-none-eabi/lib/thumb/v6-m\libc.a(lib_a-mallocr.o)
                0x20000a64                __malloc_sbrk_base
 .data.__malloc_trim_threshold
                0x20000a68        0x4 c:/ac6/systemworkbench/plugins/fr.ac6.mcu.externaltools.arm-none.win32_1.17.0.201812190825/tools/compiler/bin/../lib/gcc/arm-none-eabi/7.3.1/../../../../arm-none-eabi/lib/thumb/v6-m\libc.a(lib_a-mallocr.o)
                0x20000a68                __malloc_trim_threshold
 .data.__global_locale
                0x20000a6c      0x16c c:/ac6/systemworkbench/plugins/fr.ac6.mcu.externaltools.arm-none.win32_1.17.0.201812190825/tools/compiler/bin/../lib/gcc/arm-none-eabi/7.3.1/../../../../arm-none-eabi/lib/thumb/v6-m\libc.a(lib_a-locale.o)
                0x20000a6c                __global_locale
                0x20000bd8                . = ALIGN (0x4)
                0x20000bd8                _edata = .

.igot.plt       0x20000bd8        0x0 load address 0x0800bbac
 .igot.plt      0x20000bd8        0x0 c:/ac6/systemworkbench/plugins/fr.ac6.mcu.externaltools.arm-none.win32_1.17.0.201812190825/tools/compiler/bin/../lib/gcc/arm-none-eabi/7.3.1/thumb/v6-m/crtbegin.o
                0x20000bd8                . = ALIGN (0x4)

.bss            0x20000bd8      0x290 load address 0x0800bbac
                0x20000bd8                _sbss = .
                0x20000bd8                __bss_start__ = _sbss
 *(.bss)
 .bss           0x20000bd8       0x1c c:/ac6/systemworkbench/plugins/fr.ac6.mcu.externaltools.arm-none.win32_1.17.0.201812190825/tools/compiler/bin/../lib/gcc/arm-none-eabi/7.3.1/thumb/v6-m/crtbegin.o
 .bss           0x20000bf4        0xc src/gsm.o
                0x20000bf4                gps_read_period
                0x20000bf8                gps_reads
                0x20000bfc                file_count
 .bss           0x20000c00        0x4 src/main.o
 .bss           0x20000c04       0x68 src/packet_store.o
 .bss           0x20000c6c        0x8 src/syscalls.o
                0x20000c6c                __env
 .bss           0x20000c74        0x1 src/uart_gsm.o
                0x20000c74                UartReady
 *(.bss*)
 *fill*         0x20000c75        0x3 
 .bss.__malloc_current_mallinfo
                0x20000c78       0x28 c:/ac6/systemworkbench/plugins/fr.ac6.mcu.externaltools.arm-none.win32_1.17.0.201812190825/tools/compiler/bin/../lib/gcc/arm-none-eabi/7.3.1/../../../../arm-none-eabi/lib/thumb/v6-m\libc.a(lib_a-mallocr.o)
                0x20000c78                __malloc_current_mallinfo
 .bss.__malloc_max_sbrked_mem
                0x20000ca0        0x4 c:/ac6/systemworkbench/plugins/fr.ac6.mcu.externaltools.arm-none.win32_1.17.0.201812190825/tools/compiler/bin/../lib/gcc/arm-none-eabi/7.3.1/../../../../arm-none-eabi/lib/thumb/v6-m\libc.a(lib_a-mallocr.o)
                0x20000ca0                __malloc_max_sbrked_mem
 .bss.__malloc_max_total_mem
                0x20000ca4        0x4 c:/ac6/systemworkbench/plugins/fr.ac6.mcu.externaltools.arm-none.win32_1.17.0.201812190825/tools/compiler/bin/../lib/gcc/arm-none-eabi/7.3.1/../../../../arm-none-eabi/lib/thumb/v6-m\libc.a(lib_a-mallocr.o)
                0x20000ca4                __malloc_max_total_mem
 .bss.__malloc_top_pad
                0x20000ca8        0x4 c:/ac6/systemworkbench/plugins/fr.ac6.mcu.externaltools.arm-none.win32_1.17.0.201812190825/tools/compiler/bin/../lib/gcc/arm-none-eabi/7.3.1/../../../../arm-none-eabi/lib/thumb/v6-m\libc.a(lib_a-mallocr.o)
                0x20000ca8                __malloc_top_pad
 *(COMMON)
 COMMON         0x20000cac        0x4 HAL_Driver/Src/stm32l0xx_hal.o
                0x20000cac                uwTick
 COMMON         0x20000cb0       0x14 src/gsm.o
                0x20000cb0                gsm_state
                0x20000cb4                gsm_IMEI
 COMMON         0x20000cc4      0x17a src/uart_gsm.o
                0x20000cc4                UartHandle
                0x20000d44                aRxBuffer
 *fill*         0x20000e3e        0x2 
 COMMON         0x20000e40       0x21 c:/ac6/systemworkbench/plugins/fr.ac6.mcu.externaltools.arm-none.win32_1.17.0.201812190825/tools/compiler/bin/../lib/gcc/arm-none-eabi/7.3.1/../../../../arm-none-eabi/lib/thumb/v6-m\libc.a(lib_a-lock.o)
                0x20000e40                __lock___atexit_recursive_mutex
                0x20000e44                __lock___arc4random_mutex
                0x20000e48                __lock___env_recursive_mutex
                0x20000e4c                __lock___sinit_recursive_mutex
                0x20000e50                __lock___malloc_recursive_mutex
                0x20000e54                __lock___at_quick_exit_mutex
                0x20000e58                __lock___dd_hash_mutex
                0x20000e5c                __lock___tz_mutex
                0x20000e60                __lock___sfp_recursive_mutex
 *fill*         0x20000e61        0x3 
 COMMON         0x20000e64        0x4 c:/ac6/systemworkbench/plugins/fr.ac6.mcu.externaltools.arm-none.win32_1.17.0.201812190825/tools/compiler/bin/../lib/gcc/arm-none-eabi/7.3.1/../../../../arm-none-eabi/lib/thumb/v6-m\libc.a(lib_a-reent.o)
                0x20000e64                errno
                0x20000e68                . = ALIGN (0x4)
                0x20000e68                _ebss = .
                0x20000e68                __bss_end__ = _ebss

._user_heap_stack
                0x20000e68      0x400 load address 0x0800bbac
                0x20000e68                . = ALIGN (0x8)
                0x20000e68                PROVIDE (end = .)
                [!provide]                PROVIDE (_end = .)
                0x20000e68                . = (. + _Min_Heap_Size)
                0x20001268                . = (. + _Min_Stack_Size)
 *fill*         0x20000e68      0x400 
                0x20001268                . = ALIGN (0x8)

/DISCARD/
 libc.a(*)
 libm.a(*)
 libgcc.a(*)

.ARM.attributes
                0x00000000       0x28
 *(.ARM.attributes)
 .ARM.attributes
                0x00000000       0x1e c:/ac6/systemworkbench/plugins/fr.ac6.mcu.externaltools.arm-none.win32_1.17.0.201812190825/tools/compiler/bin/../lib/gcc/arm-none-eabi/7.3.1/thumb/v6-m/crti.o
 .ARM.attributes
                0x0000001e       0x2c c:/ac6/systemworkbench/plugins/fr.ac6.mcu.externaltools.arm-none.win32_1.17.0.201812190825/tools/compiler/bin/../lib/gcc/arm-none-eabi/7.3.1/thumb/v6-m/crtbegin.o
 .ARM.attributes
                0x0000004a       0x32 HAL_Driver/Src/stm32l0xx_hal.o
 .ARM.attributes
                0x0000007c       0x32 HAL_Driver/Src/stm32l0xx_hal_cortex.o
 .ARM.attributes
                0x000000ae       0x32 HAL_Driver/Src/stm32l0xx_hal_dma.o
 .ARM.attributes
                0x000000e0       0x32 HAL_Driver/Src/stm32l0xx_hal_gpio.o
 .ARM.attributes
                0x00000112       0x32 HAL_Driver/Src/stm32l0xx_hal_msp_template.o
 .ARM.attributes
                0x00000144       0x32 HAL_Driver/Src/stm32l0xx_hal_rcc.o
 .ARM.attributes
                0x00000176       0x32 HAL_Driver/Src/stm32l0xx_hal_spi.o
 .ARM.attributes
                0x000001a8       0x32 HAL_Driver/Src/stm32l0xx_hal_uart.o
 .ARM.attributes
                0x000001da       0x32 HAL_Driver/Src/stm32l0xx_hal_uart_ex.o
 .ARM.attributes
                0x0000020c       0x32 src/gsm.o
 .ARM.attributes
                0x0000023e       0x32 src/main.o
 .ARM.attributes
                0x00000270       0x32 src/packet_store.o
 .ARM.attributes
                0x000002a2       0x32 src/stm32l0xx_it.o
 .ARM.attributes
                0x000002d4       0x32 src/syscalls.o
 .ARM.attributes
                0x00000306       0x32 src/system_stm32l0xx.o
 .ARM.attributes
                0x00000338       0x32 src/uart_gsm.o
 .ARM.attributes
                0x0000036a       0x22 startup/startup_stm32.o
 .ARM.attributes
                0x0000038c       0x1e c:/ac6/systemworkbench/plugins/fr.ac6.mcu.externaltools.arm-none.win32_1.17.0.201812190825/tools/compiler/bin/../lib/gcc/arm-none-eabi/7.3.1/thumb/v6-m\libgcc.a(_udivsi3.o)
 .ARM.attributes
                0x000003aa       0x1e c:/ac6/systemworkbench/plugins/fr.ac6.mcu.externaltools.arm-none.win32_1.17.0.201812190825/tools/compiler/bin/../lib/gcc/arm-none-eabi/7.3.1/thumb/v6-m\libgcc.a(_dvmd_tls.o)
 .ARM.attributes
                0x000003c8       0x1e c:/ac6/systemworkbench/plugins/fr.ac6.mcu.externaltools.arm-none.win32_1.17.0.201812190825/tools/compiler/bin/../lib/gcc/arm-none-eabi/7.3.1/thumb/v6-m\libgcc.a(_aeabi_uldivmod.o)
 .ARM.attributes
                0x000003e6       0x2c c:/ac6/systemworkbench/plugins/fr.ac6.mcu.externaltools.arm-none.win32_1.17.0.201812190825/tools/compiler/bin/../lib/gcc/arm-none-eabi/7.3.1/thumb/v6-m\libgcc.a(_udivmoddi4.o)
 .ARM.attributes
                0x00000412       0x1e c:/ac6/systemworkbench/plugins/fr.ac6.mcu.externaltools.arm-none.win32_1.17.0.201812190825/tools/compiler/bin/../lib/gcc/arm-none-eabi/7.3.1/thumb/v6-m\libgcc.a(_clzdi2.o)
 .ARM.attributes
                0x00000430       0x1e c:/ac6/systemworkbench/plugins/fr.ac6.mcu.externaltools.arm-none.win32_1.17.0.201812190825/tools/compiler/bin/../lib/gcc/arm-none-eabi/7.3.1/thumb/v6-m\libgcc.a(_clzsi2.o)
 .ARM.attributes
                0x0000044e       0x2c c:/ac6/systemworkbench/plugins/fr.ac6.mcu.externaltools.arm-none.win32_1.17.0.201812190825/tools/compiler/bin/../lib/gcc/arm-none-eabi/7.3.1/../../../../arm-none-eabi/lib/thumb/v6-m\libc.a(lib_a-errno.o)
 .ARM.attributes
                0x0000047a       0x2c c:/ac6/systemworkbench/plugins/fr.ac6.mcu.externaltools.arm-none.win32_1.17.0.201812190825/tools/compiler/bin/../lib/gcc/arm-none-eabi/7.3.1/../../../../arm-none-eabi/lib/thumb/v6-m\libc.a(lib_a-impure.o)
 .ARM.attributes
                0x000004a6       0x2c c:/ac6/systemworkbench/plugins/fr.ac6.mcu.externaltools.arm-none.win32_1.17.0.201812190825/tools/compiler/bin/../lib/gcc/arm-none-eabi/7.3.1/../../../../arm-none-eabi/lib/thumb/v6-m\libc.a(lib_a-init.o)
 .ARM.attributes
                0x000004d2       0x2c c:/ac6/systemworkbench/plugins/fr.ac6.mcu.externaltools.arm-none.win32_1.17.0.201812190825/tools/compiler/bin/../lib/gcc/arm-none-eabi/7.3.1/../../../../arm-none-eabi/lib/thumb/v6-m\libc.a(lib_a-memcmp.o)
 .ARM.attributes
                0x000004fe       0x2c c:/ac6/systemworkbench/plugins/fr.ac6.mcu.externaltools.arm-none.win32_1.17.0.201812190825/tools/compiler/bin/../lib/gcc/arm-none-eabi/7.3.1/../../../../arm-none-eabi/lib/thumb/v6-m\libc.a(lib_a-memcpy-stub.o)
 .ARM.attributes
                0x0000052a       0x2c c:/ac6/systemworkbench/plugins/fr.ac6.mcu.externaltools.arm-none.win32_1.17.0.201812190825/tools/compiler/bin/../lib/gcc/arm-none-eabi/7.3.1/../../../../arm-none-eabi/lib/thumb/v6-m\libc.a(lib_a-memset.o)
 .ARM.attributes
                0x00000556       0x2c c:/ac6/systemworkbench/plugins/fr.ac6.mcu.externaltools.arm-none.win32_1.17.0.201812190825/tools/compiler/bin/../lib/gcc/arm-none-eabi/7.3.1/../../../../arm-none-eabi/lib/thumb/v6-m\libc.a(lib_a-sprintf.o)
 .ARM.attributes
                0x00000582       0x2c c:/ac6/systemworkbench/plugins/fr.ac6.mcu.externaltools.arm-none.win32_1.17.0.201812190825/tools/compiler/bin/../lib/gcc/arm-none-eabi/7.3.1/../../../../arm-none-eabi/lib/thumb/v6-m\libc.a(lib_a-strlen-stub.o)
 .ARM.attributes
                0x000005ae       0x2c c:/ac6/systemworkbench/plugins/fr.ac6.mcu.externaltools.arm-none.win32_1.17.0.201812190825/tools/compiler/bin/../lib/gcc/arm-none-eabi/7.3.1/../../../../arm-none-eabi/lib/thumb/v6-m\libc.a(lib_a-svfprintf.o)
 .ARM.attributes
                0x000005da       0x2c c:/ac6/systemworkbench/plugins/fr.ac6.mcu.externaltools.arm-none.win32_1.17.0.201812190825/tools/compiler/bin/../lib/gcc/arm-none-eabi/7.3.1/../../../../arm-none-eabi/lib/thumb/v6-m\libc.a(lib_a-__call_atexit.o)
 .ARM.attributes
                0x00000606       0x2c c:/ac6/systemworkbench/plugins/fr.ac6.mcu.externaltools.arm-none.win32_1.17.0.201812190825/tools/compiler/bin/../lib/gcc/arm-none-eabi/7.3.1/../../../../arm-none-eabi/lib/thumb/v6-m\libc.a(lib_a-atexit.o)
 .ARM.attributes
                0x00000632       0x2c c:/ac6/systemworkbench/plugins/fr.ac6.mcu.externaltools.arm-none.win32_1.17.0.201812190825/tools/compiler/bin/../lib/gcc/arm-none-eabi/7.3.1/../../../../arm-none-eabi/lib/thumb/v6-m\libc.a(lib_a-dtoa.o)
 .ARM.attributes
                0x0000065e       0x2c c:/ac6/systemworkbench/plugins/fr.ac6.mcu.externaltools.arm-none.win32_1.17.0.201812190825/tools/compiler/bin/../lib/gcc/arm-none-eabi/7.3.1/../../../../arm-none-eabi/lib/thumb/v6-m\libc.a(lib_a-fini.o)
 .ARM.attributes
                0x0000068a       0x2c c:/ac6/systemworkbench/plugins/fr.ac6.mcu.externaltools.arm-none.win32_1.17.0.201812190825/tools/compiler/bin/../lib/gcc/arm-none-eabi/7.3.1/../../../../arm-none-eabi/lib/thumb/v6-m\libc.a(lib_a-freer.o)
 .ARM.attributes
                0x000006b6       0x2c c:/ac6/systemworkbench/plugins/fr.ac6.mcu.externaltools.arm-none.win32_1.17.0.201812190825/tools/compiler/bin/../lib/gcc/arm-none-eabi/7.3.1/../../../../arm-none-eabi/lib/thumb/v6-m\libc.a(lib_a-localeconv.o)
 .ARM.attributes
                0x000006e2       0x2c c:/ac6/systemworkbench/plugins/fr.ac6.mcu.externaltools.arm-none.win32_1.17.0.201812190825/tools/compiler/bin/../lib/gcc/arm-none-eabi/7.3.1/../../../../arm-none-eabi/lib/thumb/v6-m\libc.a(lib_a-lock.o)
 .ARM.attributes
                0x0000070e       0x2c c:/ac6/systemworkbench/plugins/fr.ac6.mcu.externaltools.arm-none.win32_1.17.0.201812190825/tools/compiler/bin/../lib/gcc/arm-none-eabi/7.3.1/../../../../arm-none-eabi/lib/thumb/v6-m\libc.a(lib_a-mallocr.o)
 .ARM.attributes
                0x0000073a       0x2c c:/ac6/systemworkbench/plugins/fr.ac6.mcu.externaltools.arm-none.win32_1.17.0.201812190825/tools/compiler/bin/../lib/gcc/arm-none-eabi/7.3.1/../../../../arm-none-eabi/lib/thumb/v6-m\libc.a(lib_a-memchr-stub.o)
 .ARM.attributes
                0x00000766       0x2c c:/ac6/systemworkbench/plugins/fr.ac6.mcu.externaltools.arm-none.win32_1.17.0.201812190825/tools/compiler/bin/../lib/gcc/arm-none-eabi/7.3.1/../../../../arm-none-eabi/lib/thumb/v6-m\libc.a(lib_a-mlock.o)
 .ARM.attributes
                0x00000792       0x2c c:/ac6/systemworkbench/plugins/fr.ac6.mcu.externaltools.arm-none.win32_1.17.0.201812190825/tools/compiler/bin/../lib/gcc/arm-none-eabi/7.3.1/../../../../arm-none-eabi/lib/thumb/v6-m\libc.a(lib_a-mprec.o)
 .ARM.attributes
                0x000007be       0x2c c:/ac6/systemworkbench/plugins/fr.ac6.mcu.externaltools.arm-none.win32_1.17.0.201812190825/tools/compiler/bin/../lib/gcc/arm-none-eabi/7.3.1/../../../../arm-none-eabi/lib/thumb/v6-m\libc.a(lib_a-s_frexp.o)
 .ARM.attributes
                0x000007ea       0x2c c:/ac6/systemworkbench/plugins/fr.ac6.mcu.externaltools.arm-none.win32_1.17.0.201812190825/tools/compiler/bin/../lib/gcc/arm-none-eabi/7.3.1/../../../../arm-none-eabi/lib/thumb/v6-m\libc.a(lib_a-sbrkr.o)
 .ARM.attributes
                0x00000816       0x2c c:/ac6/systemworkbench/plugins/fr.ac6.mcu.externaltools.arm-none.win32_1.17.0.201812190825/tools/compiler/bin/../lib/gcc/arm-none-eabi/7.3.1/../../../../arm-none-eabi/lib/thumb/v6-m\libc.a(lib_a-strncpy.o)
 .ARM.attributes
                0x00000842       0x2c c:/ac6/systemworkbench/plugins/fr.ac6.mcu.externaltools.arm-none.win32_1.17.0.201812190825/tools/compiler/bin/../lib/gcc/arm-none-eabi/7.3.1/../../../../arm-none-eabi/lib/thumb/v6-m\libc.a(lib_a-svfiprintf.o)
 .ARM.attributes
                0x0000086e       0x2c c:/ac6/systemworkbench/plugins/fr.ac6.mcu.externaltools.arm-none.win32_1.17.0.201812190825/tools/compiler/bin/../lib/gcc/arm-none-eabi/7.3.1/../../../../arm-none-eabi/lib/thumb/v6-m\libc.a(lib_a-__atexit.o)
 .ARM.attributes
                0x0000089a       0x2c c:/ac6/systemworkbench/plugins/fr.ac6.mcu.externaltools.arm-none.win32_1.17.0.201812190825/tools/compiler/bin/../lib/gcc/arm-none-eabi/7.3.1/../../../../arm-none-eabi/lib/thumb/v6-m\libc.a(lib_a-callocr.o)
 .ARM.attributes
                0x000008c6       0x2c c:/ac6/systemworkbench/plugins/fr.ac6.mcu.externaltools.arm-none.win32_1.17.0.201812190825/tools/compiler/bin/../lib/gcc/arm-none-eabi/7.3.1/../../../../arm-none-eabi/lib/thumb/v6-m\libc.a(lib_a-locale.o)
 .ARM.attributes
                0x000008f2       0x2c c:/ac6/systemworkbench/plugins/fr.ac6.mcu.externaltools.arm-none.win32_1.17.0.201812190825/tools/compiler/bin/../lib/gcc/arm-none-eabi/7.3.1/../../../../arm-none-eabi/lib/thumb/v6-m\libc.a(lib_a-mbtowc_r.o)
 .ARM.attributes
                0x0000091e       0x2c c:/ac6/systemworkbench/plugins/fr.ac6.mcu.externaltools.arm-none.win32_1.17.0.201812190825/tools/compiler/bin/../lib/gcc/arm-none-eabi/7.3.1/../../../../arm-none-eabi/lib/thumb/v6-m\libc.a(lib_a-memmove.o)
 .ARM.attributes
                0x0000094a       0x2c c:/ac6/systemworkbench/plugins/fr.ac6.mcu.externaltools.arm-none.win32_1.17.0.201812190825/tools/compiler/bin/../lib/gcc/arm-none-eabi/7.3.1/../../../../arm-none-eabi/lib/thumb/v6-m\libc.a(lib_a-reallocr.o)
 .ARM.attributes
                0x00000976       0x2c c:/ac6/systemworkbench/plugins/fr.ac6.mcu.externaltools.arm-none.win32_1.17.0.201812190825/tools/compiler/bin/../lib/gcc/arm-none-eabi/7.3.1/../../../../arm-none-eabi/lib/thumb/v6-m\libc.a(lib_a-reent.o)
 .ARM.attributes
                0x000009a2       0x2c c:/ac6/systemworkbench/plugins/fr.ac6.mcu.externaltools.arm-none.win32_1.17.0.201812190825/tools/compiler/bin/../lib/gcc/arm-none-eabi/7.3.1/../../../../arm-none-eabi/lib/thumb/v6-m\libc.a(lib_a-wctomb_r.o)
 .ARM.attributes
                0x000009ce       0x2c c:/ac6/systemworkbench/plugins/fr.ac6.mcu.externaltools.arm-none.win32_1.17.0.201812190825/tools/compiler/bin/../lib/gcc/arm-none-eabi/7.3.1/../../../../arm-none-eabi/lib/thumb/v6-m\libc.a(lib_a-ctype_.o)
 .ARM.attributes
                0x000009fa       0x1e c:/ac6/systemworkbench/plugins/fr.ac6.mcu.externaltools.arm-none.win32_1.17.0.201812190825/tools/compiler/bin/../lib/gcc/arm-none-eabi/7.3.1/thumb/v6-m\libgcc.a(_divsi3.o)
 .ARM.attributes
                0x00000a18       0x1e c:/ac6/systemworkbench/plugins/fr.ac6.mcu.externaltools.arm-none.win32_1.17.0.201812190825/tools/compiler/bin/../lib/gcc/arm-none-eabi/7.3.1/thumb/v6-m\libgcc.a(_arm_cmpdf2.o)
 .ARM.attributes
                0x00000a36       0x2c c:/ac6/systemworkbench/plugins/fr.ac6.mcu.externaltools.arm-none.win32_1.17.0.201812190825/tools/compiler/bin/../lib/gcc/arm-none-eabi/7.3.1/thumb/v6-m\libgcc.a(adddf3.o)
 .ARM.attributes
                0x00000a62       0x2c c:/ac6/systemworkbench/plugins/fr.ac6.mcu.externaltools.arm-none.win32_1.17.0.201812190825/tools/compiler/bin/../lib/gcc/arm-none-eabi/7.3.1/thumb/v6-m\libgcc.a(divdf3.o)
 .ARM.attributes
                0x00000a8e       0x2c c:/ac6/systemworkbench/plugins/fr.ac6.mcu.externaltools.arm-none.win32_1.17.0.201812190825/tools/compiler/bin/../lib/gcc/arm-none-eabi/7.3.1/thumb/v6-m\libgcc.a(eqdf2.o)
 .ARM.attributes
                0x00000aba       0x2c c:/ac6/systemworkbench/plugins/fr.ac6.mcu.externaltools.arm-none.win32_1.17.0.201812190825/tools/compiler/bin/../lib/gcc/arm-none-eabi/7.3.1/thumb/v6-m\libgcc.a(gedf2.o)
 .ARM.attributes
                0x00000ae6       0x2c c:/ac6/systemworkbench/plugins/fr.ac6.mcu.externaltools.arm-none.win32_1.17.0.201812190825/tools/compiler/bin/../lib/gcc/arm-none-eabi/7.3.1/thumb/v6-m\libgcc.a(ledf2.o)
 .ARM.attributes
                0x00000b12       0x2c c:/ac6/systemworkbench/plugins/fr.ac6.mcu.externaltools.arm-none.win32_1.17.0.201812190825/tools/compiler/bin/../lib/gcc/arm-none-eabi/7.3.1/thumb/v6-m\libgcc.a(muldf3.o)
 .ARM.attributes
                0x00000b3e       0x2c c:/ac6/systemworkbench/plugins/fr.ac6.mcu.externaltools.arm-none.win32_1.17.0.201812190825/tools/compiler/bin/../lib/gcc/arm-none-eabi/7.3.1/thumb/v6-m\libgcc.a(subdf3.o)
 .ARM.attributes
                0x00000b6a       0x2c c:/ac6/systemworkbench/plugins/fr.ac6.mcu.externaltools.arm-none.win32_1.17.0.201812190825/tools/compiler/bin/../lib/gcc/arm-none-eabi/7.3.1/thumb/v6-m\libgcc.a(unorddf2.o)
 .ARM.attributes
                0x00000b96       0x2c c:/ac6/systemworkbench/plugins/fr.ac6.mcu.externaltools.arm-none.win32_1.17.0.201812190825/tools/compiler/bin/../lib/gcc/arm-none-eabi/7.3.1/thumb/v6-m\libgcc.a(fixdfsi.o)
 .ARM.attributes
                0x00000bc2       0x2c c:/ac6/systemworkbench/plugins/fr.ac6.mcu.externaltools.arm-none.win32_1.17.0.201812190825/tools/compiler/bin/../lib/gcc/arm-none-eabi/7.3.1/thumb/v6-m\libgcc.a(floatsidf.o)
 .ARM.attributes
                0x00000bee       0x2c c:/ac6/systemworkbench/plugins/fr.ac6.mcu.externaltools.arm-none.win32_1.17.0.201812190825/tools/compiler/bin/../lib/gcc/arm-none-eabi/7.3.1/thumb/v6-m\libgcc.a(floatunsidf.o)
 .ARM.attributes
                0x00000c1a       0x1e c:/ac6/systemworkbench/plugins/fr.ac6.mcu.externaltools.arm-none.win32_1.17.0.201812190825/tools/compiler/bin/../lib/gcc/arm-none-eabi/7.3.1/thumb/v6-m/crtn.o
OUTPUT(GPS_Project_New_MCU.elf elf32-littlearm)

.debug_info     0x00000000     0x9ebb
 .debug_info    0x00000000      0x7d3 HAL_Driver/Src/stm32l0xx_hal.o
 .debug_info    0x000007d3      0x8d3 HAL_Driver/Src/stm32l0xx_hal_cortex.o
 .debug_info    0x000010a6      0x77c HAL_Driver/Src/stm32l0xx_hal_dma.o
 .debug_info    0x00001822      0x6c3 HAL_Driver/Src/stm32l0xx_hal_gpio.o
 .debug_info    0x00001ee5      0x168 HAL_Driver/Src/stm32l0xx_hal_msp_template.o
 .debug_info    0x0000204d      0x90a HAL_Driver/Src/stm32l0xx_hal_rcc.o
 .debug_info    0x00002957     0x1635 HAL_Driver/Src/stm32l0xx_hal_spi.o
 .debug_info    0x00003f8c     0x1524 HAL_Driver/Src/stm32l0xx_hal_uart.o
 .debug_info    0x000054b0      0x88f HAL_Driver/Src/stm32l0xx_hal_uart_ex.o
 .debug_info    0x00005d3f      0xfbd src/gsm.o
 .debug_info    0x00006cfc      0x344 src/main.o
 .debug_info    0x00007040      0xa98 src/packet_store.o
 .debug_info    0x00007ad8      0x646 src/stm32l0xx_it.o
 .debug_info    0x0000811e      0xf2e src/syscalls.o
 .debug_info    0x0000904c      0x390 src/system_stm32l0xx.o
 .debug_info    0x000093dc      0xabd src/uart_gsm.o
 .debug_info    0x00009e99       0x22 startup/startup_stm32.o

.debug_abbrev   0x00000000     0x1de9
 .debug_abbrev  0x00000000      0x219 HAL_Driver/Src/stm32l0xx_hal.o
 .debug_abbrev  0x00000219      0x261 HAL_Driver/Src/stm32l0xx_hal_cortex.o
 .debug_abbrev  0x0000047a      0x1cc HAL_Driver/Src/stm32l0xx_hal_dma.o
 .debug_abbrev  0x00000646      0x1c0 HAL_Driver/Src/stm32l0xx_hal_gpio.o
 .debug_abbrev  0x00000806       0x94 HAL_Driver/Src/stm32l0xx_hal_msp_template.o
 .debug_abbrev  0x0000089a      0x21a HAL_Driver/Src/stm32l0xx_hal_rcc.o
 .debug_abbrev  0x00000ab4      0x240 HAL_Driver/Src/stm32l0xx_hal_spi.o
 .debug_abbrev  0x00000cf4      0x214 HAL_Driver/Src/stm32l0xx_hal_uart.o
 .debug_abbrev  0x00000f08      0x1f1 HAL_Driver/Src/stm32l0xx_hal_uart_ex.o
 .debug_abbrev  0x000010f9      0x2ac src/gsm.o
 .debug_abbrev  0x000013a5      0x157 src/main.o
 .debug_abbrev  0x000014fc      0x201 src/packet_store.o
 .debug_abbrev  0x000016fd      0x140 src/stm32l0xx_it.o
 .debug_abbrev  0x0000183d      0x2aa src/syscalls.o
 .debug_abbrev  0x00001ae7      0x111 src/system_stm32l0xx.o
 .debug_abbrev  0x00001bf8      0x1df src/uart_gsm.o
 .debug_abbrev  0x00001dd7       0x12 startup/startup_stm32.o

.debug_aranges  0x00000000      0xa00
 .debug_aranges
                0x00000000       0xf8 HAL_Driver/Src/stm32l0xx_hal.o
 .debug_aranges
                0x000000f8       0xd8 HAL_Driver/Src/stm32l0xx_hal_cortex.o
 .debug_aranges
                0x000001d0       0x80 HAL_Driver/Src/stm32l0xx_hal_dma.o
 .debug_aranges
                0x00000250       0x58 HAL_Driver/Src/stm32l0xx_hal_gpio.o
 .debug_aranges
                0x000002a8       0x38 HAL_Driver/Src/stm32l0xx_hal_msp_template.o
 .debug_aranges
                0x000002e0       0x80 HAL_Driver/Src/stm32l0xx_hal_rcc.o
 .debug_aranges
                0x00000360      0x1f0 HAL_Driver/Src/stm32l0xx_hal_spi.o
 .debug_aranges
                0x00000550      0x1f8 HAL_Driver/Src/stm32l0xx_hal_uart.o
 .debug_aranges
                0x00000748       0x60 HAL_Driver/Src/stm32l0xx_hal_uart_ex.o
 .debug_aranges
                0x000007a8       0x38 src/gsm.o
 .debug_aranges
                0x000007e0       0x50 src/main.o
 .debug_aranges
                0x00000830       0x60 src/packet_store.o
 .debug_aranges
                0x00000890       0x28 src/stm32l0xx_it.o
 .debug_aranges
                0x000008b8       0xb0 src/syscalls.o
 .debug_aranges
                0x00000968       0x28 src/system_stm32l0xx.o
 .debug_aranges
                0x00000990       0x48 src/uart_gsm.o
 .debug_aranges
                0x000009d8       0x28 startup/startup_stm32.o

.debug_ranges   0x00000000      0x8f8
 .debug_ranges  0x00000000       0xe8 HAL_Driver/Src/stm32l0xx_hal.o
 .debug_ranges  0x000000e8       0xc8 HAL_Driver/Src/stm32l0xx_hal_cortex.o
 .debug_ranges  0x000001b0       0x70 HAL_Driver/Src/stm32l0xx_hal_dma.o
 .debug_ranges  0x00000220       0x48 HAL_Driver/Src/stm32l0xx_hal_gpio.o
 .debug_ranges  0x00000268       0x28 HAL_Driver/Src/stm32l0xx_hal_msp_template.o
 .debug_ranges  0x00000290       0x70 HAL_Driver/Src/stm32l0xx_hal_rcc.o
 .debug_ranges  0x00000300      0x1e0 HAL_Driver/Src/stm32l0xx_hal_spi.o
 .debug_ranges  0x000004e0      0x1e8 HAL_Driver/Src/stm32l0xx_hal_uart.o
 .debug_ranges  0x000006c8       0x50 HAL_Driver/Src/stm32l0xx_hal_uart_ex.o
 .debug_ranges  0x00000718       0x28 src/gsm.o
 .debug_ranges  0x00000740       0x40 src/main.o
 .debug_ranges  0x00000780       0x50 src/packet_store.o
 .debug_ranges  0x000007d0       0x18 src/stm32l0xx_it.o
 .debug_ranges  0x000007e8       0xa0 src/syscalls.o
 .debug_ranges  0x00000888       0x18 src/system_stm32l0xx.o
 .debug_ranges  0x000008a0       0x38 src/uart_gsm.o
 .debug_ranges  0x000008d8       0x20 startup/startup_stm32.o

.debug_macro    0x00000000    0x169ca
 .debug_macro   0x00000000      0x2e0 HAL_Driver/Src/stm32l0xx_hal.o
 .debug_macro   0x000002e0      0xa5a HAL_Driver/Src/stm32l0xx_hal.o
 .debug_macro   0x00000d3a      0x10f HAL_Driver/Src/stm32l0xx_hal.o
 .debug_macro   0x00000e49       0x28 HAL_Driver/Src/stm32l0xx_hal.o
 .debug_macro   0x00000e71       0x28 HAL_Driver/Src/stm32l0xx_hal.o
 .debug_macro   0x00000e99       0x22 HAL_Driver/Src/stm32l0xx_hal.o
 .debug_macro   0x00000ebb       0x8e HAL_Driver/Src/stm32l0xx_hal.o
 .debug_macro   0x00000f49       0x51 HAL_Driver/Src/stm32l0xx_hal.o
 .debug_macro   0x00000f9a       0xef HAL_Driver/Src/stm32l0xx_hal.o
 .debug_macro   0x00001089       0x6a HAL_Driver/Src/stm32l0xx_hal.o
 .debug_macro   0x000010f3      0x1df HAL_Driver/Src/stm32l0xx_hal.o
 .debug_macro   0x000012d2       0x34 HAL_Driver/Src/stm32l0xx_hal.o
 .debug_macro   0x00001306       0x26 HAL_Driver/Src/stm32l0xx_hal.o
 .debug_macro   0x0000132c      0x44f HAL_Driver/Src/stm32l0xx_hal.o
 .debug_macro   0x0000177b     0x872d HAL_Driver/Src/stm32l0xx_hal.o
 .debug_macro   0x00009ea8       0x3c HAL_Driver/Src/stm32l0xx_hal.o
 .debug_macro   0x00009ee4     0x352c HAL_Driver/Src/stm32l0xx_hal.o
 .debug_macro   0x0000d410      0x174 HAL_Driver/Src/stm32l0xx_hal.o
 .debug_macro   0x0000d584       0x5b HAL_Driver/Src/stm32l0xx_hal.o
 .debug_macro   0x0000d5df      0x8ae HAL_Driver/Src/stm32l0xx_hal.o
 .debug_macro   0x0000de8d      0x807 HAL_Driver/Src/stm32l0xx_hal.o
 .debug_macro   0x0000e694      0x13f HAL_Driver/Src/stm32l0xx_hal.o
 .debug_macro   0x0000e7d3      0x1b5 HAL_Driver/Src/stm32l0xx_hal.o
 .debug_macro   0x0000e988      0x28e HAL_Driver/Src/stm32l0xx_hal.o
 .debug_macro   0x0000ec16      0x1e9 HAL_Driver/Src/stm32l0xx_hal.o
 .debug_macro   0x0000edff      0x4e1 HAL_Driver/Src/stm32l0xx_hal.o
 .debug_macro   0x0000f2e0       0x6b HAL_Driver/Src/stm32l0xx_hal.o
 .debug_macro   0x0000f34b      0x24e HAL_Driver/Src/stm32l0xx_hal.o
 .debug_macro   0x0000f599       0xd5 HAL_Driver/Src/stm32l0xx_hal.o
 .debug_macro   0x0000f66e       0x4c HAL_Driver/Src/stm32l0xx_hal.o
 .debug_macro   0x0000f6ba      0x13e HAL_Driver/Src/stm32l0xx_hal.o
 .debug_macro   0x0000f7f8      0x4b5 HAL_Driver/Src/stm32l0xx_hal.o
 .debug_macro   0x0000fcad      0x22c HAL_Driver/Src/stm32l0xx_hal.o
 .debug_macro   0x0000fed9       0x5b HAL_Driver/Src/stm32l0xx_hal.o
 .debug_macro   0x0000ff34       0xa5 HAL_Driver/Src/stm32l0xx_hal.o
 .debug_macro   0x0000ffd9      0x1a0 HAL_Driver/Src/stm32l0xx_hal.o
 .debug_macro   0x00010179       0x85 HAL_Driver/Src/stm32l0xx_hal.o
 .debug_macro   0x000101fe      0x25c HAL_Driver/Src/stm32l0xx_hal.o
 .debug_macro   0x0001045a      0x18d HAL_Driver/Src/stm32l0xx_hal.o
 .debug_macro   0x000105e7       0x16 HAL_Driver/Src/stm32l0xx_hal.o
 .debug_macro   0x000105fd      0x30c HAL_Driver/Src/stm32l0xx_hal.o
 .debug_macro   0x00010909      0x418 HAL_Driver/Src/stm32l0xx_hal.o
 .debug_macro   0x00010d21       0xdd HAL_Driver/Src/stm32l0xx_hal.o
 .debug_macro   0x00010dfe      0x22c HAL_Driver/Src/stm32l0xx_hal.o
 .debug_macro   0x0001102a      0x734 HAL_Driver/Src/stm32l0xx_hal.o
 .debug_macro   0x0001175e       0xde HAL_Driver/Src/stm32l0xx_hal.o
 .debug_macro   0x0001183c      0x57b HAL_Driver/Src/stm32l0xx_hal.o
 .debug_macro   0x00011db7       0x44 HAL_Driver/Src/stm32l0xx_hal.o
 .debug_macro   0x00011dfb      0x279 HAL_Driver/Src/stm32l0xx_hal.o
 .debug_macro   0x00012074       0x30 HAL_Driver/Src/stm32l0xx_hal.o
 .debug_macro   0x000120a4      0x2b8 HAL_Driver/Src/stm32l0xx_hal.o
 .debug_macro   0x0001235c       0x30 HAL_Driver/Src/stm32l0xx_hal.o
 .debug_macro   0x0001238c      0x2bf HAL_Driver/Src/stm32l0xx_hal.o
 .debug_macro   0x0001264b      0x11d HAL_Driver/Src/stm32l0xx_hal.o
 .debug_macro   0x00012768      0x353 HAL_Driver/Src/stm32l0xx_hal.o
 .debug_macro   0x00012abb       0x8d HAL_Driver/Src/stm32l0xx_hal.o
 .debug_macro   0x00012b48      0x167 HAL_Driver/Src/stm32l0xx_hal.o
 .debug_macro   0x00012caf      0x2bc HAL_Driver/Src/stm32l0xx_hal_cortex.o
 .debug_macro   0x00012f6b      0x2bc HAL_Driver/Src/stm32l0xx_hal_dma.o
 .debug_macro   0x00013227      0x2f4 HAL_Driver/Src/stm32l0xx_hal_gpio.o
 .debug_macro   0x0001351b      0x2bc HAL_Driver/Src/stm32l0xx_hal_msp_template.o
 .debug_macro   0x000137d7      0x2f2 HAL_Driver/Src/stm32l0xx_hal_rcc.o
 .debug_macro   0x00013ac9      0x2c4 HAL_Driver/Src/stm32l0xx_hal_spi.o
 .debug_macro   0x00013d8d      0x2e7 HAL_Driver/Src/stm32l0xx_hal_uart.o
 .debug_macro   0x00014074      0x2bc HAL_Driver/Src/stm32l0xx_hal_uart_ex.o
 .debug_macro   0x00014330      0x391 src/gsm.o
 .debug_macro   0x000146c1       0x10 src/gsm.o
 .debug_macro   0x000146d1       0x5e src/gsm.o
 .debug_macro   0x0001472f       0x18 src/gsm.o
 .debug_macro   0x00014747       0x35 src/gsm.o
 .debug_macro   0x0001477c       0x34 src/gsm.o
 .debug_macro   0x000147b0       0x58 src/gsm.o
 .debug_macro   0x00014808       0x1f src/gsm.o
 .debug_macro   0x00014827       0x43 src/gsm.o
 .debug_macro   0x0001486a       0x20 src/gsm.o
 .debug_macro   0x0001488a      0x18e src/gsm.o
 .debug_macro   0x00014a18      0x330 src/gsm.o
 .debug_macro   0x00014d48       0x10 src/gsm.o
 .debug_macro   0x00014d58       0x35 src/gsm.o
 .debug_macro   0x00014d8d      0x2e5 src/main.o
 .debug_macro   0x00015072      0x32c src/packet_store.o
 .debug_macro   0x0001539e      0x2c6 src/stm32l0xx_it.o
 .debug_macro   0x00015664      0x243 src/syscalls.o
 .debug_macro   0x000158a7       0x58 src/syscalls.o
 .debug_macro   0x000158ff       0x94 src/syscalls.o
 .debug_macro   0x00015993       0x57 src/syscalls.o
 .debug_macro   0x000159ea       0x10 src/syscalls.o
 .debug_macro   0x000159fa       0x10 src/syscalls.o
 .debug_macro   0x00015a0a       0x10 src/syscalls.o
 .debug_macro   0x00015a1a       0x10 src/syscalls.o
 .debug_macro   0x00015a2a       0x1c src/syscalls.o
 .debug_macro   0x00015a46       0x52 src/syscalls.o
 .debug_macro   0x00015a98       0x40 src/syscalls.o
 .debug_macro   0x00015ad8       0x10 src/syscalls.o
 .debug_macro   0x00015ae8       0x40 src/syscalls.o
 .debug_macro   0x00015b28       0xd7 src/syscalls.o
 .debug_macro   0x00015bff       0x1c src/syscalls.o
 .debug_macro   0x00015c1b       0x3d src/syscalls.o
 .debug_macro   0x00015c58       0x35 src/syscalls.o
 .debug_macro   0x00015c8d      0x122 src/syscalls.o
 .debug_macro   0x00015daf       0x16 src/syscalls.o
 .debug_macro   0x00015dc5       0x16 src/syscalls.o
 .debug_macro   0x00015ddb       0x29 src/syscalls.o
 .debug_macro   0x00015e04       0x10 src/syscalls.o
 .debug_macro   0x00015e14      0x241 src/syscalls.o
 .debug_macro   0x00016055       0x1c src/syscalls.o
 .debug_macro   0x00016071       0x10 src/syscalls.o
 .debug_macro   0x00016081       0x10 src/syscalls.o
 .debug_macro   0x00016091       0x16 src/syscalls.o
 .debug_macro   0x000160a7      0x16f src/syscalls.o
 .debug_macro   0x00016216      0x189 src/syscalls.o
 .debug_macro   0x0001639f       0x16 src/syscalls.o
 .debug_macro   0x000163b5       0x88 src/syscalls.o
 .debug_macro   0x0001643d      0x2c2 src/system_stm32l0xx.o
 .debug_macro   0x000166ff      0x2cb src/uart_gsm.o

.debug_line     0x00000000     0xb034
 .debug_line    0x00000000      0xac7 HAL_Driver/Src/stm32l0xx_hal.o
 .debug_line    0x00000ac7      0xaf4 HAL_Driver/Src/stm32l0xx_hal_cortex.o
 .debug_line    0x000015bb      0xac4 HAL_Driver/Src/stm32l0xx_hal_dma.o
 .debug_line    0x0000207f      0xa5c HAL_Driver/Src/stm32l0xx_hal_gpio.o
 .debug_line    0x00002adb      0x902 HAL_Driver/Src/stm32l0xx_hal_msp_template.o
 .debug_line    0x000033dd      0xb67 HAL_Driver/Src/stm32l0xx_hal_rcc.o
 .debug_line    0x00003f44     0x1322 HAL_Driver/Src/stm32l0xx_hal_spi.o
 .debug_line    0x00005266     0x138e HAL_Driver/Src/stm32l0xx_hal_uart.o
 .debug_line    0x000065f4      0xa0e HAL_Driver/Src/stm32l0xx_hal_uart_ex.o
 .debug_line    0x00007002      0xaa1 src/gsm.o
 .debug_line    0x00007aa3      0x998 src/main.o
 .debug_line    0x0000843b      0xa12 src/packet_store.o
 .debug_line    0x00008e4d      0x90c src/stm32l0xx_it.o
 .debug_line    0x00009759      0x5df src/syscalls.o
 .debug_line    0x00009d38      0x8f7 src/system_stm32l0xx.o
 .debug_line    0x0000a62f      0x989 src/uart_gsm.o
 .debug_line    0x0000afb8       0x7c startup/startup_stm32.o

.debug_str      0x00000000    0x8fe33
 .debug_str     0x00000000    0x884e8 HAL_Driver/Src/stm32l0xx_hal.o
                              0x88919 (size before relaxing)
 .debug_str     0x000884e8      0x2d2 HAL_Driver/Src/stm32l0xx_hal_cortex.o
                              0x8874c (size before relaxing)
 .debug_str     0x000887ba      0x409 HAL_Driver/Src/stm32l0xx_hal_dma.o
                              0x88672 (size before relaxing)
 .debug_str     0x00088bc3      0x2af HAL_Driver/Src/stm32l0xx_hal_gpio.o
                              0x885b5 (size before relaxing)
 .debug_str     0x00088e72       0x51 HAL_Driver/Src/stm32l0xx_hal_msp_template.o
                              0x88244 (size before relaxing)
 .debug_str     0x00088ec3      0x406 HAL_Driver/Src/stm32l0xx_hal_rcc.o
                              0x8879f (size before relaxing)
 .debug_str     0x000892c9      0x763 HAL_Driver/Src/stm32l0xx_hal_spi.o
                              0x88bb8 (size before relaxing)
 .debug_str     0x00089a2c      0x943 HAL_Driver/Src/stm32l0xx_hal_uart.o
                              0x88eca (size before relaxing)
 .debug_str     0x0008a36f      0x173 HAL_Driver/Src/stm32l0xx_hal_uart_ex.o
                              0x887a0 (size before relaxing)
 .debug_str     0x0008a4e2     0x2f83 src/gsm.o
                              0x8b209 (size before relaxing)
 .debug_str     0x0008d465       0x91 src/main.o
                              0x88409 (size before relaxing)
 .debug_str     0x0008d4f6      0x362 src/packet_store.o
                              0x88a94 (size before relaxing)
 .debug_str     0x0008d858       0x55 src/stm32l0xx_it.o
                              0x885fd (size before relaxing)
 .debug_str     0x0008d8ad     0x245e src/syscalls.o
                               0x84ee (size before relaxing)
 .debug_str     0x0008fd0b       0x72 src/system_stm32l0xx.o
                              0x88312 (size before relaxing)
 .debug_str     0x0008fd7d       0x8d src/uart_gsm.o
                              0x8899a (size before relaxing)
 .debug_str     0x0008fe0a       0x29 startup/startup_stm32.o
                                 0x5c (size before relaxing)

.comment        0x00000000       0x7f
 .comment       0x00000000       0x7f HAL_Driver/Src/stm32l0xx_hal.o
                                 0x80 (size before relaxing)
 .comment       0x0000007f       0x80 HAL_Driver/Src/stm32l0xx_hal_cortex.o
 .comment       0x0000007f       0x80 HAL_Driver/Src/stm32l0xx_hal_dma.o
 .comment       0x0000007f       0x80 HAL_Driver/Src/stm32l0xx_hal_gpio.o
 .comment       0x0000007f       0x80 HAL_Driver/Src/stm32l0xx_hal_msp_template.o
 .comment       0x0000007f       0x80 HAL_Driver/Src/stm32l0xx_hal_rcc.o
 .comment       0x0000007f       0x80 HAL_Driver/Src/stm32l0xx_hal_spi.o
 .comment       0x0000007f       0x80 HAL_Driver/Src/stm32l0xx_hal_uart.o
 .comment       0x0000007f       0x80 HAL_Driver/Src/stm32l0xx_hal_uart_ex.o
 .comment       0x0000007f       0x80 src/gsm.o
 .comment       0x0000007f       0x80 src/main.o
 .comment       0x0000007f       0x80 src/packet_store.o
 .comment       0x0000007f       0x80 src/stm32l0xx_it.o
 .comment       0x0000007f       0x80 src/syscalls.o
 .comment       0x0000007f       0x80 src/system_stm32l0xx.o
 .comment       0x0000007f       0x80 src/uart_gsm.o

.debug_frame    0x00000000     0x2e44
 .debug_frame   0x00000000      0x338 HAL_Driver/Src/stm32l0xx_hal.o
 .debug_frame   0x00000338      0x2fc HAL_Driver/Src/stm32l0xx_hal_cortex.o
 .debug_frame   0x00000634      0x1b0 HAL_Driver/Src/stm32l0xx_hal_dma.o
 .debug_frame   0x000007e4      0x110 HAL_Driver/Src/stm32l0xx_hal_gpio.o
 .debug_frame   0x000008f4       0x80 HAL_Driver/Src/stm32l0xx_hal_msp_template.o
 .debug_frame   0x00000974      0x1a4 HAL_Driver/Src/stm32l0xx_hal_rcc.o
 .debug_frame   0x00000b18      0x770 HAL_Driver/Src/stm32l0xx_hal_spi.o
 .debug_frame   0x00001288      0x794 HAL_Driver/Src/stm32l0xx_hal_uart.o
 .debug_frame   0x00001a1c      0x130 HAL_Driver/Src/stm32l0xx_hal_uart_ex.o
 .debug_frame   0x00001b4c       0x98 src/gsm.o
 .debug_frame   0x00001be4       0xd8 src/main.o
 .debug_frame   0x00001cbc      0x12c src/packet_store.o
 .debug_frame   0x00001de8       0x48 src/stm32l0xx_it.o
 .debug_frame   0x00001e30      0x264 src/syscalls.o
 .debug_frame   0x00002094       0x4c src/system_stm32l0xx.o
 .debug_frame   0x000020e0       0xc8 src/uart_gsm.o
 .debug_frame   0x000021a8       0x20 c:/ac6/systemworkbench/plugins/fr.ac6.mcu.externaltools.arm-none.win32_1.17.0.201812190825/tools/compiler/bin/../lib/gcc/arm-none-eabi/7.3.1/thumb/v6-m\libgcc.a(_udivsi3.o)
 .debug_frame   0x000021c8       0x3c c:/ac6/systemworkbench/plugins/fr.ac6.mcu.externaltools.arm-none.win32_1.17.0.201812190825/tools/compiler/bin/../lib/gcc/arm-none-eabi/7.3.1/thumb/v6-m\libgcc.a(_udivmoddi4.o)
 .debug_frame   0x00002204       0x20 c:/ac6/systemworkbench/plugins/fr.ac6.mcu.externaltools.arm-none.win32_1.17.0.201812190825/tools/compiler/bin/../lib/gcc/arm-none-eabi/7.3.1/../../../../arm-none-eabi/lib/thumb/v6-m\libc.a(lib_a-errno.o)
 .debug_frame   0x00002224       0x2c c:/ac6/systemworkbench/plugins/fr.ac6.mcu.externaltools.arm-none.win32_1.17.0.201812190825/tools/compiler/bin/../lib/gcc/arm-none-eabi/7.3.1/../../../../arm-none-eabi/lib/thumb/v6-m\libc.a(lib_a-init.o)
 .debug_frame   0x00002250       0x2c c:/ac6/systemworkbench/plugins/fr.ac6.mcu.externaltools.arm-none.win32_1.17.0.201812190825/tools/compiler/bin/../lib/gcc/arm-none-eabi/7.3.1/../../../../arm-none-eabi/lib/thumb/v6-m\libc.a(lib_a-memcmp.o)
 .debug_frame   0x0000227c       0x30 c:/ac6/systemworkbench/plugins/fr.ac6.mcu.externaltools.arm-none.win32_1.17.0.201812190825/tools/compiler/bin/../lib/gcc/arm-none-eabi/7.3.1/../../../../arm-none-eabi/lib/thumb/v6-m\libc.a(lib_a-memcpy-stub.o)
 .debug_frame   0x000022ac       0x30 c:/ac6/systemworkbench/plugins/fr.ac6.mcu.externaltools.arm-none.win32_1.17.0.201812190825/tools/compiler/bin/../lib/gcc/arm-none-eabi/7.3.1/../../../../arm-none-eabi/lib/thumb/v6-m\libc.a(lib_a-memset.o)
 .debug_frame   0x000022dc       0x48 c:/ac6/systemworkbench/plugins/fr.ac6.mcu.externaltools.arm-none.win32_1.17.0.201812190825/tools/compiler/bin/../lib/gcc/arm-none-eabi/7.3.1/../../../../arm-none-eabi/lib/thumb/v6-m\libc.a(lib_a-sprintf.o)
 .debug_frame   0x00002324       0x28 c:/ac6/systemworkbench/plugins/fr.ac6.mcu.externaltools.arm-none.win32_1.17.0.201812190825/tools/compiler/bin/../lib/gcc/arm-none-eabi/7.3.1/../../../../arm-none-eabi/lib/thumb/v6-m\libc.a(lib_a-strlen-stub.o)
 .debug_frame   0x0000234c       0x3c c:/ac6/systemworkbench/plugins/fr.ac6.mcu.externaltools.arm-none.win32_1.17.0.201812190825/tools/compiler/bin/../lib/gcc/arm-none-eabi/7.3.1/../../../../arm-none-eabi/lib/thumb/v6-m\libc.a(lib_a-svfprintf.o)
 .debug_frame   0x00002388       0x54 c:/ac6/systemworkbench/plugins/fr.ac6.mcu.externaltools.arm-none.win32_1.17.0.201812190825/tools/compiler/bin/../lib/gcc/arm-none-eabi/7.3.1/../../../../arm-none-eabi/lib/thumb/v6-m\libc.a(lib_a-__call_atexit.o)
 .debug_frame   0x000023dc       0x28 c:/ac6/systemworkbench/plugins/fr.ac6.mcu.externaltools.arm-none.win32_1.17.0.201812190825/tools/compiler/bin/../lib/gcc/arm-none-eabi/7.3.1/../../../../arm-none-eabi/lib/thumb/v6-m\libc.a(lib_a-atexit.o)
 .debug_frame   0x00002404       0x68 c:/ac6/systemworkbench/plugins/fr.ac6.mcu.externaltools.arm-none.win32_1.17.0.201812190825/tools/compiler/bin/../lib/gcc/arm-none-eabi/7.3.1/../../../../arm-none-eabi/lib/thumb/v6-m\libc.a(lib_a-dtoa.o)
 .debug_frame   0x0000246c       0x2c c:/ac6/systemworkbench/plugins/fr.ac6.mcu.externaltools.arm-none.win32_1.17.0.201812190825/tools/compiler/bin/../lib/gcc/arm-none-eabi/7.3.1/../../../../arm-none-eabi/lib/thumb/v6-m\libc.a(lib_a-fini.o)
 .debug_frame   0x00002498       0x58 c:/ac6/systemworkbench/plugins/fr.ac6.mcu.externaltools.arm-none.win32_1.17.0.201812190825/tools/compiler/bin/../lib/gcc/arm-none-eabi/7.3.1/../../../../arm-none-eabi/lib/thumb/v6-m\libc.a(lib_a-freer.o)
 .debug_frame   0x000024f0       0x40 c:/ac6/systemworkbench/plugins/fr.ac6.mcu.externaltools.arm-none.win32_1.17.0.201812190825/tools/compiler/bin/../lib/gcc/arm-none-eabi/7.3.1/../../../../arm-none-eabi/lib/thumb/v6-m\libc.a(lib_a-localeconv.o)
 .debug_frame   0x00002530       0xb0 c:/ac6/systemworkbench/plugins/fr.ac6.mcu.externaltools.arm-none.win32_1.17.0.201812190825/tools/compiler/bin/../lib/gcc/arm-none-eabi/7.3.1/../../../../arm-none-eabi/lib/thumb/v6-m\libc.a(lib_a-lock.o)
 .debug_frame   0x000025e0       0x3c c:/ac6/systemworkbench/plugins/fr.ac6.mcu.externaltools.arm-none.win32_1.17.0.201812190825/tools/compiler/bin/../lib/gcc/arm-none-eabi/7.3.1/../../../../arm-none-eabi/lib/thumb/v6-m\libc.a(lib_a-mallocr.o)
 .debug_frame   0x0000261c       0x2c c:/ac6/systemworkbench/plugins/fr.ac6.mcu.externaltools.arm-none.win32_1.17.0.201812190825/tools/compiler/bin/../lib/gcc/arm-none-eabi/7.3.1/../../../../arm-none-eabi/lib/thumb/v6-m\libc.a(lib_a-memchr-stub.o)
 .debug_frame   0x00002648       0x40 c:/ac6/systemworkbench/plugins/fr.ac6.mcu.externaltools.arm-none.win32_1.17.0.201812190825/tools/compiler/bin/../lib/gcc/arm-none-eabi/7.3.1/../../../../arm-none-eabi/lib/thumb/v6-m\libc.a(lib_a-mlock.o)
 .debug_frame   0x00002688      0x260 c:/ac6/systemworkbench/plugins/fr.ac6.mcu.externaltools.arm-none.win32_1.17.0.201812190825/tools/compiler/bin/../lib/gcc/arm-none-eabi/7.3.1/../../../../arm-none-eabi/lib/thumb/v6-m\libc.a(lib_a-mprec.o)
 .debug_frame   0x000028e8       0x2c c:/ac6/systemworkbench/plugins/fr.ac6.mcu.externaltools.arm-none.win32_1.17.0.201812190825/tools/compiler/bin/../lib/gcc/arm-none-eabi/7.3.1/../../../../arm-none-eabi/lib/thumb/v6-m\libc.a(lib_a-s_frexp.o)
 .debug_frame   0x00002914       0x2c c:/ac6/systemworkbench/plugins/fr.ac6.mcu.externaltools.arm-none.win32_1.17.0.201812190825/tools/compiler/bin/../lib/gcc/arm-none-eabi/7.3.1/../../../../arm-none-eabi/lib/thumb/v6-m\libc.a(lib_a-sbrkr.o)
 .debug_frame   0x00002940       0x34 c:/ac6/systemworkbench/plugins/fr.ac6.mcu.externaltools.arm-none.win32_1.17.0.201812190825/tools/compiler/bin/../lib/gcc/arm-none-eabi/7.3.1/../../../../arm-none-eabi/lib/thumb/v6-m\libc.a(lib_a-strncpy.o)
 .debug_frame   0x00002974       0x68 c:/ac6/systemworkbench/plugins/fr.ac6.mcu.externaltools.arm-none.win32_1.17.0.201812190825/tools/compiler/bin/../lib/gcc/arm-none-eabi/7.3.1/../../../../arm-none-eabi/lib/thumb/v6-m\libc.a(lib_a-svfiprintf.o)